Archive member included to satisfy reference by file (symbol)

c:/st/stm32cubeide_1.0.2/stm32cubeide/plugins/com.st.stm32cube.ide.mcu.externaltools.gnu-tools-for-stm32.9-2020-q2-update.win32_1.5.0.202011040924/tools/bin/../lib/gcc/arm-none-eabi/9.3.1/../../../../arm-none-eabi/lib/thumb/v7e-m+dp/hard\libc_nano.a(lib_a-errno.o)
                              Core/Src/syscalls.o (__errno)
c:/st/stm32cubeide_1.0.2/stm32cubeide/plugins/com.st.stm32cube.ide.mcu.externaltools.gnu-tools-for-stm32.9-2020-q2-update.win32_1.5.0.202011040924/tools/bin/../lib/gcc/arm-none-eabi/9.3.1/../../../../arm-none-eabi/lib/thumb/v7e-m+dp/hard\libc_nano.a(lib_a-exit.o)
                              c:/st/stm32cubeide_1.0.2/stm32cubeide/plugins/com.st.stm32cube.ide.mcu.externaltools.gnu-tools-for-stm32.9-2020-q2-update.win32_1.5.0.202011040924/tools/bin/../lib/gcc/arm-none-eabi/9.3.1/../../../../arm-none-eabi/lib/thumb/v7e-m+dp/hard/crt0.o (exit)
c:/st/stm32cubeide_1.0.2/stm32cubeide/plugins/com.st.stm32cube.ide.mcu.externaltools.gnu-tools-for-stm32.9-2020-q2-update.win32_1.5.0.202011040924/tools/bin/../lib/gcc/arm-none-eabi/9.3.1/../../../../arm-none-eabi/lib/thumb/v7e-m+dp/hard\libc_nano.a(lib_a-impure.o)
                              c:/st/stm32cubeide_1.0.2/stm32cubeide/plugins/com.st.stm32cube.ide.mcu.externaltools.gnu-tools-for-stm32.9-2020-q2-update.win32_1.5.0.202011040924/tools/bin/../lib/gcc/arm-none-eabi/9.3.1/../../../../arm-none-eabi/lib/thumb/v7e-m+dp/hard\libc_nano.a(lib_a-exit.o) (_global_impure_ptr)
c:/st/stm32cubeide_1.0.2/stm32cubeide/plugins/com.st.stm32cube.ide.mcu.externaltools.gnu-tools-for-stm32.9-2020-q2-update.win32_1.5.0.202011040924/tools/bin/../lib/gcc/arm-none-eabi/9.3.1/../../../../arm-none-eabi/lib/thumb/v7e-m+dp/hard\libc_nano.a(lib_a-init.o)
                              c:/st/stm32cubeide_1.0.2/stm32cubeide/plugins/com.st.stm32cube.ide.mcu.externaltools.gnu-tools-for-stm32.9-2020-q2-update.win32_1.5.0.202011040924/tools/bin/../lib/gcc/arm-none-eabi/9.3.1/../../../../arm-none-eabi/lib/thumb/v7e-m+dp/hard/crt0.o (__libc_init_array)
c:/st/stm32cubeide_1.0.2/stm32cubeide/plugins/com.st.stm32cube.ide.mcu.externaltools.gnu-tools-for-stm32.9-2020-q2-update.win32_1.5.0.202011040924/tools/bin/../lib/gcc/arm-none-eabi/9.3.1/../../../../arm-none-eabi/lib/thumb/v7e-m+dp/hard\libc_nano.a(lib_a-malloc.o)
                              USB_DEVICE/App/audio_usb_nodes.o (malloc)
c:/st/stm32cubeide_1.0.2/stm32cubeide/plugins/com.st.stm32cube.ide.mcu.externaltools.gnu-tools-for-stm32.9-2020-q2-update.win32_1.5.0.202011040924/tools/bin/../lib/gcc/arm-none-eabi/9.3.1/../../../../arm-none-eabi/lib/thumb/v7e-m+dp/hard\libc_nano.a(lib_a-memcpy-stub.o)
                              USB_DEVICE/App/audio_usb_nodes.o (memcpy)
c:/st/stm32cubeide_1.0.2/stm32cubeide/plugins/com.st.stm32cube.ide.mcu.externaltools.gnu-tools-for-stm32.9-2020-q2-update.win32_1.5.0.202011040924/tools/bin/../lib/gcc/arm-none-eabi/9.3.1/../../../../arm-none-eabi/lib/thumb/v7e-m+dp/hard\libc_nano.a(lib_a-memset.o)
                              c:/st/stm32cubeide_1.0.2/stm32cubeide/plugins/com.st.stm32cube.ide.mcu.externaltools.gnu-tools-for-stm32.9-2020-q2-update.win32_1.5.0.202011040924/tools/bin/../lib/gcc/arm-none-eabi/9.3.1/../../../../arm-none-eabi/lib/thumb/v7e-m+dp/hard/crt0.o (memset)
c:/st/stm32cubeide_1.0.2/stm32cubeide/plugins/com.st.stm32cube.ide.mcu.externaltools.gnu-tools-for-stm32.9-2020-q2-update.win32_1.5.0.202011040924/tools/bin/../lib/gcc/arm-none-eabi/9.3.1/../../../../arm-none-eabi/lib/thumb/v7e-m+dp/hard\libc_nano.a(lib_a-nano-freer.o)
                              c:/st/stm32cubeide_1.0.2/stm32cubeide/plugins/com.st.stm32cube.ide.mcu.externaltools.gnu-tools-for-stm32.9-2020-q2-update.win32_1.5.0.202011040924/tools/bin/../lib/gcc/arm-none-eabi/9.3.1/../../../../arm-none-eabi/lib/thumb/v7e-m+dp/hard\libc_nano.a(lib_a-malloc.o) (_free_r)
c:/st/stm32cubeide_1.0.2/stm32cubeide/plugins/com.st.stm32cube.ide.mcu.externaltools.gnu-tools-for-stm32.9-2020-q2-update.win32_1.5.0.202011040924/tools/bin/../lib/gcc/arm-none-eabi/9.3.1/../../../../arm-none-eabi/lib/thumb/v7e-m+dp/hard\libc_nano.a(lib_a-nano-mallocr.o)
                              c:/st/stm32cubeide_1.0.2/stm32cubeide/plugins/com.st.stm32cube.ide.mcu.externaltools.gnu-tools-for-stm32.9-2020-q2-update.win32_1.5.0.202011040924/tools/bin/../lib/gcc/arm-none-eabi/9.3.1/../../../../arm-none-eabi/lib/thumb/v7e-m+dp/hard\libc_nano.a(lib_a-malloc.o) (_malloc_r)
c:/st/stm32cubeide_1.0.2/stm32cubeide/plugins/com.st.stm32cube.ide.mcu.externaltools.gnu-tools-for-stm32.9-2020-q2-update.win32_1.5.0.202011040924/tools/bin/../lib/gcc/arm-none-eabi/9.3.1/../../../../arm-none-eabi/lib/thumb/v7e-m+dp/hard\libc_nano.a(lib_a-sbrkr.o)
[...]
Memory Configuration

Name             Origin             Length             Attributes
FLASH            0x0000000008000000 0x0000000000200000 xr
RAM              0x0000000020000000 0x0000000000020000 xrw
RAM_D1           0x0000000024000000 0x0000000000080000 xrw
RAM_D2           0x0000000030000000 0x0000000000048000 xrw
RAM_D3           0x0000000038000000 0x0000000000010000 xrw
ITCMRAM          0x0000000000000000 0x0000000000010000 xrw
*default*        0x0000000000000000 0xffffffffffffffff

Linker script and memory map

LOAD c:/st/stm32cubeide_1.0.2/stm32cubeide/plugins/com.st.stm32cube.ide.mcu.externaltools.gnu-tools-for-stm32.9-2020-q2-update.win32_1.5.0.202011040924/tools/bin/../lib/gcc/arm-none-eabi/9.3.1/thumb/v7e-m+dp/hard/crti.o
LOAD c:/st/stm32cubeide_1.0.2/stm32cubeide/plugins/com.st.stm32cube.ide.mcu.externaltools.gnu-tools-for-stm32.9-2020-q2-update.win32_1.5.0.202011040924/tools/bin/../lib/gcc/arm-none-eabi/9.3.1/thumb/v7e-m+dp/hard/crtbegin.o
LOAD c:/st/stm32cubeide_1.0.2/stm32cubeide/plugins/com.st.stm32cube.ide.mcu.externaltools.gnu-tools-for-stm32.9-2020-q2-update.win32_1.5.0.202011040924/tools/bin/../lib/gcc/arm-none-eabi/9.3.1/../../../../arm-none-eabi/lib/thumb/v7e-m+dp/hard/crt0.o
LOAD Core/Src/audio_mic_node_mems.o
LOAD Core/Src/main.o
LOAD Core/Src/stm32h7xx_hal_msp.o
LOAD Core/Src/stm32h7xx_it.o
LOAD Core/Src/syscalls.o
LOAD Core/Src/sysmem.o
LOAD Core/Src/system_stm32h7xx.o
LOAD Core/Startup/startup_stm32h743zitx.o
LOAD Drivers/BSP_Custom/H743_audio_ex.o
LOAD Drivers/STM32H7xx_HAL_Driver/Inc/stm32h7xx_hal_dfsdm_ex.o
LOAD Drivers/STM32H7xx_HAL_Driver/Src/stm32h7xx_hal.o
LOAD Drivers/STM32H7xx_HAL_Driver/Src/stm32h7xx_hal_cortex.o
LOAD Drivers/STM32H7xx_HAL_Driver/Src/stm32h7xx_hal_dfsdm.o
LOAD Drivers/STM32H7xx_HAL_Driver/Src/stm32h7xx_hal_dma.o
LOAD Drivers/STM32H7xx_HAL_Driver/Src/stm32h7xx_hal_dma_ex.o
LOAD Drivers/STM32H7xx_HAL_Driver/Src/stm32h7xx_hal_exti.o
LOAD Drivers/STM32H7xx_HAL_Driver/Src/stm32h7xx_hal_flash.o
LOAD Drivers/STM32H7xx_HAL_Driver/Src/stm32h7xx_hal_flash_ex.o
LOAD Drivers/STM32H7xx_HAL_Driver/Src/stm32h7xx_hal_gpio.o
LOAD Drivers/STM32H7xx_HAL_Driver/Src/stm32h7xx_hal_hsem.o
LOAD Drivers/STM32H7xx_HAL_Driver/Src/stm32h7xx_hal_i2c.o
LOAD Drivers/STM32H7xx_HAL_Driver/Src/stm32h7xx_hal_i2c_ex.o
LOAD Drivers/STM32H7xx_HAL_Driver/Src/stm32h7xx_hal_mdma.o
LOAD Drivers/STM32H7xx_HAL_Driver/Src/stm32h7xx_hal_pcd.o
LOAD Drivers/STM32H7xx_HAL_Driver/Src/stm32h7xx_hal_pcd_ex.o
LOAD Drivers/STM32H7xx_HAL_Driver/Src/stm32h7xx_hal_pwr.o
LOAD Drivers/STM32H7xx_HAL_Driver/Src/stm32h7xx_hal_pwr_ex.o
LOAD Drivers/STM32H7xx_HAL_Driver/Src/stm32h7xx_hal_rcc.o
LOAD Drivers/STM32H7xx_HAL_Driver/Src/stm32h7xx_hal_rcc_ex.o
LOAD Drivers/STM32H7xx_HAL_Driver/Src/stm32h7xx_hal_sai.o
LOAD Drivers/STM32H7xx_HAL_Driver/Src/stm32h7xx_hal_sai_ex.o
LOAD Drivers/STM32H7xx_HAL_Driver/Src/stm32h7xx_hal_tim.o
LOAD Drivers/STM32H7xx_HAL_Driver/Src/stm32h7xx_hal_tim_ex.o
LOAD Drivers/STM32H7xx_HAL_Driver/Src/stm32h7xx_ll_usb.o
LOAD Middlewares/ST/STM32_USB_Device_Library/Class/AUDIO/Src/usbd_audio.o
LOAD Middlewares/ST/STM32_USB_Device_Library/Core/Src/usbd_core.o
LOAD Middlewares/ST/STM32_USB_Device_Library/Core/Src/usbd_ctlreq.o
LOAD Middlewares/ST/STM32_USB_Device_Library/Core/Src/usbd_ioreq.o
LOAD USB_DEVICE/App/audio_dummymic_node.o
LOAD USB_DEVICE/App/audio_mic_node_template.o
LOAD USB_DEVICE/App/audio_usb_nodes.o
LOAD USB_DEVICE/App/audio_usb_recording_session.o
LOAD USB_DEVICE/App/usb_device.o
LOAD USB_DEVICE/App/usbd_audio_10_config_descriptors.o
LOAD USB_DEVICE/App/usbd_audio_if.o
LOAD USB_DEVICE/App/usbd_desc.o
LOAD USB_DEVICE/Target/usbd_conf.o
START GROUP
LOAD c:/st/stm32cubeide_1.0.2/stm32cubeide/plugins/com.st.stm32cube.ide.mcu.externaltools.gnu-tools-for-stm32.9-2020-q2-update.win32_1.5.0.202011040924/tools/bin/../lib/gcc/arm-none-eabi/9.3.1/../../../../arm-none-eabi/lib/thumb/v7e-m+dp/hard\libc_nano.a
LOAD c:/st/stm32cubeide_1.0.2/stm32cubeide/plugins/com.st.stm32cube.ide.mcu.externaltools.gnu-tools-for-stm32.9-2020-q2-update.win32_1.5.0.202011040924/tools/bin/../lib/gcc/arm-none-eabi/9.3.1/../../../../arm-none-eabi/lib/thumb/v7e-m+dp/hard\libm.a
END GROUP
START GROUP
LOAD c:/st/stm32cubeide_1.0.2/stm32cubeide/plugins/com.st.stm32cube.ide.mcu.externaltools.gnu-tools-for-stm32.9-2020-q2-update.win32_1.5.0.202011040924/tools/bin/../lib/gcc/arm-none-eabi/9.3.1/thumb/v7e-m+dp/hard\libgcc.a
LOAD c:/st/stm32cubeide_1.0.2/stm32cubeide/plugins/com.st.stm32cube.ide.mcu.externaltools.gnu-tools-for-stm32.9-2020-q2-update.win32_1.5.0.202011040924/tools/bin/../lib/gcc/arm-none-eabi/9.3.1/../../../../arm-none-eabi/lib/thumb/v7e-m+dp/hard\libc_nano.a
END GROUP
START GROUP
LOAD c:/st/stm32cubeide_1.0.2/stm32cubeide/plugins/com.st.stm32cube.ide.mcu.externaltools.gnu-tools-for-stm32.9-2020-q2-update.win32_1.5.0.202011040924/tools/bin/../lib/gcc/arm-none-eabi/9.3.1/thumb/v7e-m+dp/hard\libgcc.a
LOAD c:/st/stm32cubeide_1.0.2/stm32cubeide/plugins/com.st.stm32cube.ide.mcu.externaltools.gnu-tools-for-stm32.9-2020-q2-update.win32_1.5.0.202011040924/tools/bin/../lib/gcc/arm-none-eabi/9.3.1/../../../../arm-none-eabi/lib/thumb/v7e-m+dp/hard\libc_nano.a
LOAD c:/st/stm32cubeide_1.0.2/stm32cubeide/plugins/com.st.stm32cube.ide.mcu.externaltools.gnu-tools-for-stm32.9-2020-q2-update.win32_1.5.0.202011040924/tools/bin/../lib/gcc/arm-none-eabi/9.3.1/../../../../arm-none-eabi/lib/thumb/v7e-m+dp/hard\libnosys.a
END GROUP
START GROUP
LOAD c:/st/stm32cubeide_1.0.2/stm32cubeide/plugins/com.st.stm32cube.ide.mcu.externaltools.gnu-tools-for-stm32.9-2020-q2-update.win32_1.5.0.202011040924/tools/bin/../lib/gcc/arm-none-eabi/9.3.1/thumb/v7e-m+dp/hard\libgcc.a
LOAD c:/st/stm32cubeide_1.0.2/stm32cubeide/plugins/com.st.stm32cube.ide.mcu.externaltools.gnu-tools-for-stm32.9-2020-q2-update.win32_1.5.0.202011040924/tools/bin/../lib/gcc/arm-none-eabi/9.3.1/../../../../arm-none-eabi/lib/thumb/v7e-m+dp/hard\libc_nano.a
LOAD c:/st/stm32cubeide_1.0.2/stm32cubeide/plugins/com.st.stm32cube.ide.mcu.externaltools.gnu-tools-for-stm32.9-2020-q2-update.win32_1.5.0.202011040924/tools/bin/../lib/gcc/arm-none-eabi/9.3.1/../../../../arm-none-eabi/lib/thumb/v7e-m+dp/hard\libnosys.a
END GROUP
LOAD c:/st/stm32cubeide_1.0.2/stm32cubeide/plugins/com.st.stm32cube.ide.mcu.externaltools.gnu-tools-for-stm32.9-2020-q2-update.win32_1.5.0.202011040924/tools/bin/../lib/gcc/arm-none-eabi/9.3.1/thumb/v7e-m+dp/hard/crtend.o
LOAD c:/st/stm32cubeide_1.0.2/stm32cubeide/plugins/com.st.stm32cube.ide.mcu.externaltools.gnu-tools-for-stm32.9-2020-q2-update.win32_1.5.0.202011040924/tools/bin/../lib/gcc/arm-none-eabi/9.3.1/thumb/v7e-m+dp/hard/crtn.o
                0x0000000020020000                _estack = 0x20020000
                0x0000000000000200                _Min_Heap_Size = 0x200
                0x0000000000000400                _Min_Stack_Size = 0x400

.isr_vector     0x0000000008000000      0x298
                0x0000000008000000                . = ALIGN (0x4)
 *(.isr_vector)
 .isr_vector    0x0000000008000000      0x298 Core/Startup/startup_stm32h743zitx.o
                0x0000000008000000                g_pfnVectors
                0x0000000008000298                . = ALIGN (0x4)

.text           0x0000000008000298     0xda78
                0x0000000008000298                . = ALIGN (0x4)
 *(.text)
 .text          0x0000000008000298       0x40 c:/st/stm32cubeide_1.0.2/stm32cubeide/plugins/com.st.stm32cube.ide.mcu.externaltools.gnu-tools-for-stm32.9-2020-q2-update.win32_1.5.0.202011040924/tools/bin/../lib/gcc/arm-none-eabi/9.3.1/thumb/v7e-m+dp/hard/crtbegin.o
 *(.text*)
 .text.AUDIO_DFSDM_MEMS_MicInit
                0x00000000080002d8      0x144 Core/Src/audio_mic_node_mems.o
                0x00000000080002d8                AUDIO_DFSDM_MEMS_MicInit
 .text.AUDIO_MicDeInit
                0x000000000800041c       0x32 Core/Src/audio_mic_node_mems.o
 .text.AUDIO_MicStart
                0x000000000800044e       0x30 Core/Src/audio_mic_node_mems.o
 .text.AUDIO_MicStop
                0x000000000800047e       0x28 Core/Src/audio_mic_node_mems.o
 .text.AUDIO_MicChangeFrequency
                0x00000000080004a6       0x30 Core/Src/audio_mic_node_mems.o
 .text.AUDIO_MicMute
                0x00000000080004d6       0x1e Core/Src/audio_mic_node_mems.o
 .text.AUDIO_MicSetVolume
                0x00000000080004f4       0x3e Core/Src/audio_mic_node_mems.o
 *fill*         0x0000000008000532        0x2 
 .text.AUDIO_MicGetVolumeDefaultsValues
                0x0000000008000534       0x38 Core/Src/audio_mic_node_mems.o
 .text.AUDIO_MicStartReadCount
                0x000000000800056c       0x18 Core/Src/audio_mic_node_mems.o
 .text.AUDIO_MicGetLastReadCount
                0x0000000008000584       0x16 Core/Src/audio_mic_node_mems.o
 .text.main     0x000000000800059a       0x16 Core/Src/main.o
                0x000000000800059a                main
 .text.SystemClock_Config
                0x00000000080005b0      0x104 Core/Src/main.o
                0x00000000080005b0                SystemClock_Config
 .text.MX_GPIO_Init
                0x00000000080006b4       0x34 Core/Src/main.o
 .text.USBD_error_handler
                0x00000000080006e8        0xc Core/Src/main.o
                0x00000000080006e8                USBD_error_handler
 .text.Error_Handler
                0x00000000080006f4        0xa Core/Src/main.o
                0x00000000080006f4                Error_Handler
 *fill*         0x00000000080006fe        0x2 
 .text.HAL_MspInit
                0x0000000008000700       0x34 Core/Src/stm32h7xx_hal_msp.o
                0x0000000008000700                HAL_MspInit
 .text.NMI_Handler
                0x0000000008000734        0x6 Core/Src/stm32h7xx_it.o
                0x0000000008000734                NMI_Handler
 .text.HardFault_Handler
                0x000000000800073a        0x6 Core/Src/stm32h7xx_it.o
                0x000000000800073a                HardFault_Handler
 .text.MemManage_Handler
                0x0000000008000740        0x6 Core/Src/stm32h7xx_it.o
                0x0000000008000740                MemManage_Handler
 .text.BusFault_Handler
                0x0000000008000746        0x6 Core/Src/stm32h7xx_it.o
                0x0000000008000746                BusFault_Handler
 .text.UsageFault_Handler
                0x000000000800074c        0x6 Core/Src/stm32h7xx_it.o
                0x000000000800074c                UsageFault_Handler
 .text.SVC_Handler
                0x0000000008000752        0xe Core/Src/stm32h7xx_it.o
                0x0000000008000752                SVC_Handler
 .text.DebugMon_Handler
                0x0000000008000760        0xe Core/Src/stm32h7xx_it.o
                0x0000000008000760                DebugMon_Handler
 .text.PendSV_Handler
                0x000000000800076e        0xe Core/Src/stm32h7xx_it.o
                0x000000000800076e                PendSV_Handler
 .text.SysTick_Handler
                0x000000000800077c        0xc Core/Src/stm32h7xx_it.o
                0x000000000800077c                SysTick_Handler
 .text.OTG_FS_IRQHandler
                0x0000000008000788       0x14 Core/Src/stm32h7xx_it.o
                0x0000000008000788                OTG_FS_IRQHandler
 .text.DMA1_Stream0_IRQHandler
                0x000000000800079c       0x18 Core/Src/stm32h7xx_it.o
                0x000000000800079c                DMA1_Stream0_IRQHandler
 .text.DMA1_Stream1_IRQHandler
                0x00000000080007b4       0x18 Core/Src/stm32h7xx_it.o
                0x00000000080007b4                DMA1_Stream1_IRQHandler
 .text._sbrk    0x00000000080007cc       0x6c Core/Src/sysmem.o
                0x00000000080007cc                _sbrk
 .text.SystemInit
                0x0000000008000838      0x118 Core/Src/system_stm32h7xx.o
                0x0000000008000838                SystemInit
 .text.Reset_Handler
                0x0000000008000950       0x50 Core/Startup/startup_stm32h743zitx.o
                0x0000000008000950                Reset_Handler
 .text.Default_Handler
                0x00000000080009a0        0x2 Core/Startup/startup_stm32h743zitx.o
                0x00000000080009a0                RTC_Alarm_IRQHandler
                0x00000000080009a0                EXTI2_IRQHandler
                0x00000000080009a0                TIM8_CC_IRQHandler
                0x00000000080009a0                HRTIM1_Master_IRQHandler
                0x00000000080009a0                UART8_IRQHandler
                0x00000000080009a0                SPI4_IRQHandler
                0x00000000080009a0                TIM1_CC_IRQHandler
                0x00000000080009a0                BDMA_Channel6_IRQHandler
                0x00000000080009a0                DMA2_Stream5_IRQHandler
                0x00000000080009a0                HRTIM1_FLT_IRQHandler
                0x00000000080009a0                JPEG_IRQHandler
                0x00000000080009a0                DMA1_Stream5_IRQHandler
                0x00000000080009a0                BDMA_Channel1_IRQHandler
                0x00000000080009a0                HRTIM1_TIMD_IRQHandler
                0x00000000080009a0                TAMP_STAMP_IRQHandler
                0x00000000080009a0                EXTI3_IRQHandler
                0x00000000080009a0                LPTIM4_IRQHandler
                0x00000000080009a0                TIM8_TRG_COM_TIM14_IRQHandler
                0x00000000080009a0                LPTIM2_IRQHandler
                0x00000000080009a0                DFSDM1_FLT1_IRQHandler
                0x00000000080009a0                DMAMUX2_OVR_IRQHandler
                0x00000000080009a0                TIM8_UP_TIM13_IRQHandler
                0x00000000080009a0                I2C3_ER_IRQHandler
                0x00000000080009a0                DFSDM1_FLT2_IRQHandler
                0x00000000080009a0                MDMA_IRQHandler
                0x00000000080009a0                LPTIM3_IRQHandler
                0x00000000080009a0                HSEM1_IRQHandler
                0x00000000080009a0                EXTI0_IRQHandler
                0x00000000080009a0                I2C2_EV_IRQHandler
                0x00000000080009a0                DMA1_Stream2_IRQHandler
                0x00000000080009a0                FPU_IRQHandler
                0x00000000080009a0                OTG_HS_WKUP_IRQHandler
                0x00000000080009a0                FDCAN1_IT1_IRQHandler
                0x00000000080009a0                LTDC_ER_IRQHandler
                0x00000000080009a0                DMA2_Stream2_IRQHandler
                0x00000000080009a0                HRTIM1_TIME_IRQHandler
                0x00000000080009a0                SPI1_IRQHandler
                0x00000000080009a0                TIM6_DAC_IRQHandler
                0x00000000080009a0                DCMI_IRQHandler
                0x00000000080009a0                HRTIM1_TIMC_IRQHandler
                0x00000000080009a0                DMA2_Stream3_IRQHandler
                0x00000000080009a0                SAI2_IRQHandler
                0x00000000080009a0                DFSDM1_FLT3_IRQHandler
                0x00000000080009a0                USART6_IRQHandler
                0x00000000080009a0                TIM17_IRQHandler
                0x00000000080009a0                USART3_IRQHandler
                0x00000000080009a0                BDMA_Channel7_IRQHandler
                0x00000000080009a0                LPTIM5_IRQHandler
                0x00000000080009a0                UART5_IRQHandler
                0x00000000080009a0                ADC3_IRQHandler
                0x00000000080009a0                DMA2_Stream0_IRQHandler
                0x00000000080009a0                TIM4_IRQHandler
                0x00000000080009a0                BDMA_Channel2_IRQHandler
                0x00000000080009a0                QUADSPI_IRQHandler
                0x00000000080009a0                I2C1_EV_IRQHandler
                0x00000000080009a0                DMA1_Stream6_IRQHandler
                0x00000000080009a0                DMAMUX1_OVR_IRQHandler
                0x00000000080009a0                TIM16_IRQHandler
                0x00000000080009a0                UART4_IRQHandler
                0x00000000080009a0                BDMA_Channel5_IRQHandler
                0x00000000080009a0                TIM3_IRQHandler
                0x00000000080009a0                RCC_IRQHandler
                0x00000000080009a0                TIM8_BRK_TIM12_IRQHandler
                0x00000000080009a0                TIM1_TRG_COM_IRQHandler
                0x00000000080009a0                Default_Handler
                0x00000000080009a0                ECC_IRQHandler
                0x00000000080009a0                CEC_IRQHandler
                0x00000000080009a0                EXTI15_10_IRQHandler
                0x00000000080009a0                BDMA_Channel0_IRQHandler
                0x00000000080009a0                ADC_IRQHandler
                0x00000000080009a0                DMA1_Stream7_IRQHandler
                0x00000000080009a0                HRTIM1_TIMA_IRQHandler
                0x00000000080009a0                SPI5_IRQHandler
                0x00000000080009a0                TIM7_IRQHandler
                0x00000000080009a0                SDMMC1_IRQHandler
                0x00000000080009a0                TIM5_IRQHandler
                0x00000000080009a0                DMA2_Stream7_IRQHandler
                0x00000000080009a0                TIM15_IRQHandler
                0x00000000080009a0                PVD_AVD_IRQHandler
                0x00000000080009a0                I2C3_EV_IRQHandler
                0x00000000080009a0                EXTI9_5_IRQHandler
                0x00000000080009a0                RTC_WKUP_IRQHandler
                0x00000000080009a0                LTDC_IRQHandler
                0x00000000080009a0                SAI3_IRQHandler
                0x00000000080009a0                ETH_WKUP_IRQHandler
                0x00000000080009a0                SPDIF_RX_IRQHandler
                0x00000000080009a0                SPI2_IRQHandler
                0x00000000080009a0                OTG_HS_EP1_IN_IRQHandler
                0x00000000080009a0                CRS_IRQHandler
                0x00000000080009a0                EXTI4_IRQHandler
                0x00000000080009a0                RNG_IRQHandler
                0x00000000080009a0                HRTIM1_TIMB_IRQHandler
                0x00000000080009a0                FDCAN2_IT1_IRQHandler
                0x00000000080009a0                ETH_IRQHandler
                0x00000000080009a0                TIM1_UP_IRQHandler
                0x00000000080009a0                BDMA_Channel4_IRQHandler
                0x00000000080009a0                OTG_HS_EP1_OUT_IRQHandler
                0x00000000080009a0                WWDG_IRQHandler
                0x00000000080009a0                SPI6_IRQHandler
                0x00000000080009a0                MDIOS_IRQHandler
                0x00000000080009a0                I2C4_EV_IRQHandler
                0x00000000080009a0                FDCAN2_IT0_IRQHandler
                0x00000000080009a0                LPUART1_IRQHandler
                0x00000000080009a0                FDCAN1_IT0_IRQHandler
                0x00000000080009a0                TIM2_IRQHandler
                0x00000000080009a0                OTG_FS_WKUP_IRQHandler
                0x00000000080009a0                OTG_HS_IRQHandler
                0x00000000080009a0                DMA2D_IRQHandler
                0x00000000080009a0                TIM1_BRK_IRQHandler
                0x00000000080009a0                EXTI1_IRQHandler
                0x00000000080009a0                SDMMC2_IRQHandler
                0x00000000080009a0                OTG_FS_EP1_OUT_IRQHandler
                0x00000000080009a0                BDMA_Channel3_IRQHandler
                0x00000000080009a0                UART7_IRQHandler
                0x00000000080009a0                MDIOS_WKUP_IRQHandler
                0x00000000080009a0                USART2_IRQHandler
                0x00000000080009a0                DFSDM1_FLT0_IRQHandler
                0x00000000080009a0                SAI4_IRQHandler
                0x00000000080009a0                I2C2_ER_IRQHandler
                0x00000000080009a0                DMA2_Stream1_IRQHandler
                0x00000000080009a0                FLASH_IRQHandler
                0x00000000080009a0                DMA2_Stream4_IRQHandler
                0x00000000080009a0                USART1_IRQHandler
                0x00000000080009a0                SPI3_IRQHandler
                0x00000000080009a0                WAKEUP_PIN_IRQHandler
                0x00000000080009a0                DMA1_Stream4_IRQHandler
                0x00000000080009a0                OTG_FS_EP1_IN_IRQHandler
                0x00000000080009a0                I2C1_ER_IRQHandler
                0x00000000080009a0                FMC_IRQHandler
                0x00000000080009a0                FDCAN_CAL_IRQHandler
                0x00000000080009a0                SWPMI1_IRQHandler
                0x00000000080009a0                COMP1_IRQHandler
                0x00000000080009a0                LPTIM1_IRQHandler
                0x00000000080009a0                I2C4_ER_IRQHandler
                0x00000000080009a0                DMA2_Stream6_IRQHandler
                0x00000000080009a0                SAI1_IRQHandler
                0x00000000080009a0                DMA1_Stream3_IRQHandler
 *fill*         0x00000000080009a2        0x2 
 .text.SAI_AUDIO_IN_MspInit
                0x00000000080009a4      0x178 Drivers/BSP_Custom/H743_audio_ex.o
 .text.BSP_AUDIO_IN_Init
                0x0000000008000b1c       0x22 Drivers/BSP_Custom/H743_audio_ex.o
                0x0000000008000b1c                BSP_AUDIO_IN_Init
 *fill*         0x0000000008000b3e        0x2 
 .text.BSP_AUDIO_IN_InitEx
                0x0000000008000b40       0x58 Drivers/BSP_Custom/H743_audio_ex.o
                0x0000000008000b40                BSP_AUDIO_IN_InitEx
 .text.BSP_AUDIO_IN_AllocScratch
                0x0000000008000b98       0x68 Drivers/BSP_Custom/H743_audio_ex.o
                0x0000000008000b98                BSP_AUDIO_IN_AllocScratch
 .text.BSP_AUDIO_IN_Record
                0x0000000008000c00       0xc8 Drivers/BSP_Custom/H743_audio_ex.o
                0x0000000008000c00                BSP_AUDIO_IN_Record
 .text.HAL_DFSDM_FilterRegConvCpltCallback
                0x0000000008000cc8       0xcc Drivers/BSP_Custom/H743_audio_ex.o
                0x0000000008000cc8                HAL_DFSDM_FilterRegConvCpltCallback
 .text.HAL_DFSDM_FilterRegConvHalfCpltCallback
                0x0000000008000d94       0xcc Drivers/BSP_Custom/H743_audio_ex.o
                0x0000000008000d94                HAL_DFSDM_FilterRegConvHalfCpltCallback
 .text.HAL_SAI_RxHalfCpltCallback
                0x0000000008000e60       0x14 Drivers/BSP_Custom/H743_audio_ex.o
                0x0000000008000e60                HAL_SAI_RxHalfCpltCallback
 .text.HAL_SAI_RxCpltCallback
                0x0000000008000e74       0x14 Drivers/BSP_Custom/H743_audio_ex.o
                0x0000000008000e74                HAL_SAI_RxCpltCallback
 .text.BSP_AUDIO_IN_TransferComplete_CallBack
                0x0000000008000e88        0xe Drivers/BSP_Custom/H743_audio_ex.o
                0x0000000008000e88                BSP_AUDIO_IN_TransferComplete_CallBack
 .text.BSP_AUDIO_IN_HalfTransfer_CallBack
                0x0000000008000e96        0xe Drivers/BSP_Custom/H743_audio_ex.o
                0x0000000008000e96                BSP_AUDIO_IN_HalfTransfer_CallBack
 .text.BSP_AUDIO_IN_MspInit
                0x0000000008000ea4       0x2c Drivers/BSP_Custom/H743_audio_ex.o
                0x0000000008000ea4                BSP_AUDIO_IN_MspInit
 .text.BSP_AUDIO_IN_ClockConfig
                0x0000000008000ed0       0x7a Drivers/BSP_Custom/H743_audio_ex.o
                0x0000000008000ed0                BSP_AUDIO_IN_ClockConfig
 *fill*         0x0000000008000f4a        0x2 
 .text.DFSDMx_Init
                0x0000000008000f4c      0xaec Drivers/BSP_Custom/H743_audio_ex.o
 .text.DFSDMx_ChannelMspInit
                0x0000000008001a38       0xcc Drivers/BSP_Custom/H743_audio_ex.o
 .text.DFSDMx_FilterMspInit
                0x0000000008001b04      0x234 Drivers/BSP_Custom/H743_audio_ex.o
 .text.HAL_Init
                0x0000000008001d38       0x78 Drivers/STM32H7xx_HAL_Driver/Src/stm32h7xx_hal.o
                0x0000000008001d38                HAL_Init
 .text.HAL_InitTick
                0x0000000008001db0       0x6c Drivers/STM32H7xx_HAL_Driver/Src/stm32h7xx_hal.o
                0x0000000008001db0                HAL_InitTick
 .text.HAL_IncTick
                0x0000000008001e1c       0x28 Drivers/STM32H7xx_HAL_Driver/Src/stm32h7xx_hal.o
                0x0000000008001e1c                HAL_IncTick
 .text.HAL_GetTick
                0x0000000008001e44       0x18 Drivers/STM32H7xx_HAL_Driver/Src/stm32h7xx_hal.o
                0x0000000008001e44                HAL_GetTick
 .text.HAL_Delay
                0x0000000008001e5c       0x48 Drivers/STM32H7xx_HAL_Driver/Src/stm32h7xx_hal.o
                0x0000000008001e5c                HAL_Delay
 .text.HAL_GetREVID
                0x0000000008001ea4       0x18 Drivers/STM32H7xx_HAL_Driver/Src/stm32h7xx_hal.o
                0x0000000008001ea4                HAL_GetREVID
 .text.__NVIC_SetPriorityGrouping
                0x0000000008001ebc       0x48 Drivers/STM32H7xx_HAL_Driver/Src/stm32h7xx_hal_cortex.o
 .text.__NVIC_GetPriorityGrouping
                0x0000000008001f04       0x1c Drivers/STM32H7xx_HAL_Driver/Src/stm32h7xx_hal_cortex.o
 .text.__NVIC_EnableIRQ
                0x0000000008001f20       0x3c Drivers/STM32H7xx_HAL_Driver/Src/stm32h7xx_hal_cortex.o
 .text.__NVIC_SetPriority
                0x0000000008001f5c       0x54 Drivers/STM32H7xx_HAL_Driver/Src/stm32h7xx_hal_cortex.o
 .text.NVIC_EncodePriority
                0x0000000008001fb0       0x66 Drivers/STM32H7xx_HAL_Driver/Src/stm32h7xx_hal_cortex.o
 *fill*         0x0000000008002016        0x2 
 .text.SysTick_Config
                0x0000000008002018       0x44 Drivers/STM32H7xx_HAL_Driver/Src/stm32h7xx_hal_cortex.o
 .text.HAL_NVIC_SetPriorityGrouping
                0x000000000800205c       0x16 Drivers/STM32H7xx_HAL_Driver/Src/stm32h7xx_hal_cortex.o
                0x000000000800205c                HAL_NVIC_SetPriorityGrouping
 .text.HAL_NVIC_SetPriority
                0x0000000008002072       0x34 Drivers/STM32H7xx_HAL_Driver/Src/stm32h7xx_hal_cortex.o
                0x0000000008002072                HAL_NVIC_SetPriority
 .text.HAL_NVIC_EnableIRQ
                0x00000000080020a6       0x1c Drivers/STM32H7xx_HAL_Driver/Src/stm32h7xx_hal_cortex.o
                0x00000000080020a6                HAL_NVIC_EnableIRQ
 .text.HAL_SYSTICK_Config
                0x00000000080020c2       0x18 Drivers/STM32H7xx_HAL_Driver/Src/stm32h7xx_hal_cortex.o
                0x00000000080020c2                HAL_SYSTICK_Config
 *fill*         0x00000000080020da        0x2 
 .text.HAL_DFSDM_ChannelInit
                0x00000000080020dc      0x190 Drivers/STM32H7xx_HAL_Driver/Src/stm32h7xx_hal_dfsdm.o
                0x00000000080020dc                HAL_DFSDM_ChannelInit
 .text.HAL_DFSDM_ChannelMspInit
                0x000000000800226c       0x14 Drivers/STM32H7xx_HAL_Driver/Src/stm32h7xx_hal_dfsdm.o
                0x000000000800226c                HAL_DFSDM_ChannelMspInit
 .text.HAL_DFSDM_FilterInit
                0x0000000008002280      0x1b8 Drivers/STM32H7xx_HAL_Driver/Src/stm32h7xx_hal_dfsdm.o
                0x0000000008002280                HAL_DFSDM_FilterInit
 .text.HAL_DFSDM_FilterMspInit
                0x0000000008002438       0x14 Drivers/STM32H7xx_HAL_Driver/Src/stm32h7xx_hal_dfsdm.o
                0x0000000008002438                HAL_DFSDM_FilterMspInit
 .text.HAL_DFSDM_FilterConfigRegChannel
                0x000000000800244c       0x8c Drivers/STM32H7xx_HAL_Driver/Src/stm32h7xx_hal_dfsdm.o
                0x000000000800244c                HAL_DFSDM_FilterConfigRegChannel
 .text.HAL_DFSDM_FilterRegularStart_DMA
                0x00000000080024d8      0x108 Drivers/STM32H7xx_HAL_Driver/Src/stm32h7xx_hal_dfsdm.o
                0x00000000080024d8                HAL_DFSDM_FilterRegularStart_DMA
 .text.HAL_DFSDM_FilterErrorCallback
                0x00000000080025e0       0x14 Drivers/STM32H7xx_HAL_Driver/Src/stm32h7xx_hal_dfsdm.o
                0x00000000080025e0                HAL_DFSDM_FilterErrorCallback
 .text.DFSDM_DMARegularHalfConvCplt
                0x00000000080025f4       0x1c Drivers/STM32H7xx_HAL_Driver/Src/stm32h7xx_hal_dfsdm.o
 .text.DFSDM_DMARegularConvCplt
                0x0000000008002610       0x1c Drivers/STM32H7xx_HAL_Driver/Src/stm32h7xx_hal_dfsdm.o
 .text.DFSDM_DMAError
                0x000000000800262c       0x22 Drivers/STM32H7xx_HAL_Driver/Src/stm32h7xx_hal_dfsdm.o
 *fill*         0x000000000800264e        0x2 
 .text.DFSDM_GetChannelFromInstance
                0x0000000008002650       0x98 Drivers/STM32H7xx_HAL_Driver/Src/stm32h7xx_hal_dfsdm.o
 .text.DFSDM_RegConvStart
                0x00000000080026e8       0xac Drivers/STM32H7xx_HAL_Driver/Src/stm32h7xx_hal_dfsdm.o
 .text.HAL_DMA_Init
                0x0000000008002794      0x6b8 Drivers/STM32H7xx_HAL_Driver/Src/stm32h7xx_hal_dma.o
                0x0000000008002794                HAL_DMA_Init
 .text.HAL_DMA_DeInit
                0x0000000008002e4c      0x36c Drivers/STM32H7xx_HAL_Driver/Src/stm32h7xx_hal_dma.o
                0x0000000008002e4c                HAL_DMA_DeInit
 .text.HAL_DMA_Start_IT
                0x00000000080031b8      0x4d4 Drivers/STM32H7xx_HAL_Driver/Src/stm32h7xx_hal_dma.o
                0x00000000080031b8                HAL_DMA_Start_IT
 .text.HAL_DMA_IRQHandler
                0x000000000800368c      0xe54 Drivers/STM32H7xx_HAL_Driver/Src/stm32h7xx_hal_dma.o
                0x000000000800368c                HAL_DMA_IRQHandler
 .text.HAL_DMA_GetError
                0x00000000080044e0       0x18 Drivers/STM32H7xx_HAL_Driver/Src/stm32h7xx_hal_dma.o
                0x00000000080044e0                HAL_DMA_GetError
 .text.DMA_SetConfig
                0x00000000080044f8      0x358 Drivers/STM32H7xx_HAL_Driver/Src/stm32h7xx_hal_dma.o
 .text.DMA_CalcBaseAndBitshift
                0x0000000008004850      0x164 Drivers/STM32H7xx_HAL_Driver/Src/stm32h7xx_hal_dma.o
 .text.DMA_CheckFifoParam
                0x00000000080049b4       0xf8 Drivers/STM32H7xx_HAL_Driver/Src/stm32h7xx_hal_dma.o
 .text.DMA_CalcDMAMUXChannelBaseAndMask
                0x0000000008004aac      0x134 Drivers/STM32H7xx_HAL_Driver/Src/stm32h7xx_hal_dma.o
 .text.DMA_CalcDMAMUXRequestGenBaseAndMask
                0x0000000008004be0       0xe8 Drivers/STM32H7xx_HAL_Driver/Src/stm32h7xx_hal_dma.o
 .text.HAL_GPIO_Init
                0x0000000008004cc8      0x360 Drivers/STM32H7xx_HAL_Driver/Src/stm32h7xx_hal_gpio.o
                0x0000000008004cc8                HAL_GPIO_Init
 .text.HAL_PCD_Init
                0x0000000008005028      0x248 Drivers/STM32H7xx_HAL_Driver/Src/stm32h7xx_hal_pcd.o
                0x0000000008005028                HAL_PCD_Init
 .text.HAL_PCD_Start
                0x0000000008005270       0x66 Drivers/STM32H7xx_HAL_Driver/Src/stm32h7xx_hal_pcd.o
                0x0000000008005270                HAL_PCD_Start
 .text.HAL_PCD_IRQHandler
                0x00000000080052d6      0x7be Drivers/STM32H7xx_HAL_Driver/Src/stm32h7xx_hal_pcd.o
                0x00000000080052d6                HAL_PCD_IRQHandler
 .text.HAL_PCD_SetAddress
                0x0000000008005a94       0x4a Drivers/STM32H7xx_HAL_Driver/Src/stm32h7xx_hal_pcd.o
                0x0000000008005a94                HAL_PCD_SetAddress
 .text.HAL_PCD_EP_Open
                0x0000000008005ade       0xd0 Drivers/STM32H7xx_HAL_Driver/Src/stm32h7xx_hal_pcd.o
                0x0000000008005ade                HAL_PCD_EP_Open
 .text.HAL_PCD_EP_Close
                0x0000000008005bae       0x94 Drivers/STM32H7xx_HAL_Driver/Src/stm32h7xx_hal_pcd.o
                0x0000000008005bae                HAL_PCD_EP_Close
 .text.HAL_PCD_EP_Receive
                0x0000000008005c42       0x96 Drivers/STM32H7xx_HAL_Driver/Src/stm32h7xx_hal_pcd.o
                0x0000000008005c42                HAL_PCD_EP_Receive
 .text.HAL_PCD_EP_GetRxCount
                0x0000000008005cd8       0x30 Drivers/STM32H7xx_HAL_Driver/Src/stm32h7xx_hal_pcd.o
                0x0000000008005cd8                HAL_PCD_EP_GetRxCount
 .text.HAL_PCD_EP_Transmit
                0x0000000008005d08       0x94 Drivers/STM32H7xx_HAL_Driver/Src/stm32h7xx_hal_pcd.o
                0x0000000008005d08                HAL_PCD_EP_Transmit
 .text.HAL_PCD_EP_SetStall
                0x0000000008005d9c       0xc8 Drivers/STM32H7xx_HAL_Driver/Src/stm32h7xx_hal_pcd.o
                0x0000000008005d9c                HAL_PCD_EP_SetStall
 .text.HAL_PCD_EP_ClrStall
                0x0000000008005e64       0xac Drivers/STM32H7xx_HAL_Driver/Src/stm32h7xx_hal_pcd.o
                0x0000000008005e64                HAL_PCD_EP_ClrStall
 .text.HAL_PCD_EP_Flush
                0x0000000008005f10       0x5a Drivers/STM32H7xx_HAL_Driver/Src/stm32h7xx_hal_pcd.o
                0x0000000008005f10                HAL_PCD_EP_Flush
 .text.PCD_WriteEmptyTxFifo
                0x0000000008005f6a      0x11a Drivers/STM32H7xx_HAL_Driver/Src/stm32h7xx_hal_pcd.o
 .text.PCD_EP_OutXfrComplete_int
                0x0000000008006084      0x218 Drivers/STM32H7xx_HAL_Driver/Src/stm32h7xx_hal_pcd.o
 .text.PCD_EP_OutSetupPacket_int
                0x000000000800629c       0x8c Drivers/STM32H7xx_HAL_Driver/Src/stm32h7xx_hal_pcd.o
 .text.HAL_PCDEx_SetTxFiFo
                0x0000000008006328       0x8e Drivers/STM32H7xx_HAL_Driver/Src/stm32h7xx_hal_pcd_ex.o
                0x0000000008006328                HAL_PCDEx_SetTxFiFo
 .text.HAL_PCDEx_SetRxFiFo
                0x00000000080063b6       0x22 Drivers/STM32H7xx_HAL_Driver/Src/stm32h7xx_hal_pcd_ex.o
                0x00000000080063b6                HAL_PCDEx_SetRxFiFo
 .text.HAL_PCDEx_ActivateLPM
                0x00000000080063d8       0x48 Drivers/STM32H7xx_HAL_Driver/Src/stm32h7xx_hal_pcd_ex.o
                0x00000000080063d8                HAL_PCDEx_ActivateLPM
 .text.HAL_PCDEx_LPM_Callback
                0x0000000008006420       0x18 Drivers/STM32H7xx_HAL_Driver/Src/stm32h7xx_hal_pcd_ex.o
                0x0000000008006420                HAL_PCDEx_LPM_Callback
 .text.HAL_PWREx_ConfigSupply
                0x0000000008006438       0x74 Drivers/STM32H7xx_HAL_Driver/Src/stm32h7xx_hal_pwr_ex.o
                0x0000000008006438                HAL_PWREx_ConfigSupply
 .text.HAL_PWREx_EnableUSBVoltageDetector
                0x00000000080064ac       0x20 Drivers/STM32H7xx_HAL_Driver/Src/stm32h7xx_hal_pwr_ex.o
                0x00000000080064ac                HAL_PWREx_EnableUSBVoltageDetector
 .text.HAL_RCC_OscConfig
                0x00000000080064cc      0x820 Drivers/STM32H7xx_HAL_Driver/Src/stm32h7xx_hal_rcc.o
                0x00000000080064cc                HAL_RCC_OscConfig
 .text.HAL_RCC_ClockConfig
                0x0000000008006cec      0x36c Drivers/STM32H7xx_HAL_Driver/Src/stm32h7xx_hal_rcc.o
                0x0000000008006cec                HAL_RCC_ClockConfig
 .text.HAL_RCC_GetSysClockFreq
                0x0000000008007058      0x2f4 Drivers/STM32H7xx_HAL_Driver/Src/stm32h7xx_hal_rcc.o
                0x0000000008007058                HAL_RCC_GetSysClockFreq
 .text.HAL_RCC_GetHCLKFreq
                0x000000000800734c       0x60 Drivers/STM32H7xx_HAL_Driver/Src/stm32h7xx_hal_rcc.o
                0x000000000800734c                HAL_RCC_GetHCLKFreq
 .text.HAL_RCCEx_PeriphCLKConfig
                0x00000000080073ac      0xe80 Drivers/STM32H7xx_HAL_Driver/Src/stm32h7xx_hal_rcc_ex.o
                0x00000000080073ac                HAL_RCCEx_PeriphCLKConfig
 .text.HAL_RCCEx_GetPeriphCLKConfig
                0x000000000800822c      0x2d8 Drivers/STM32H7xx_HAL_Driver/Src/stm32h7xx_hal_rcc_ex.o
                0x000000000800822c                HAL_RCCEx_GetPeriphCLKConfig
 .text.RCCEx_PLL2_Config
                0x0000000008008504      0x164 Drivers/STM32H7xx_HAL_Driver/Src/stm32h7xx_hal_rcc_ex.o
 .text.RCCEx_PLL3_Config
                0x0000000008008668      0x164 Drivers/STM32H7xx_HAL_Driver/Src/stm32h7xx_hal_rcc_ex.o
 .text.HAL_SAI_Receive_DMA
                0x00000000080087cc      0x128 Drivers/STM32H7xx_HAL_Driver/Src/stm32h7xx_hal_sai.o
                0x00000000080087cc                HAL_SAI_Receive_DMA
 .text.HAL_SAI_ErrorCallback
                0x00000000080088f4       0x14 Drivers/STM32H7xx_HAL_Driver/Src/stm32h7xx_hal_sai.o
                0x00000000080088f4                HAL_SAI_ErrorCallback
 .text.SAI_InterruptFlag
                0x0000000008008908       0x6e Drivers/STM32H7xx_HAL_Driver/Src/stm32h7xx_hal_sai.o
 *fill*         0x0000000008008976        0x2 
 .text.SAI_Disable
                0x0000000008008978       0x74 Drivers/STM32H7xx_HAL_Driver/Src/stm32h7xx_hal_sai.o
 .text.SAI_DMARxCplt
                0x00000000080089ec       0x60 Drivers/STM32H7xx_HAL_Driver/Src/stm32h7xx_hal_sai.o
 .text.SAI_DMARxHalfCplt
                0x0000000008008a4c       0x1c Drivers/STM32H7xx_HAL_Driver/Src/stm32h7xx_hal_sai.o
 .text.SAI_DMAError
                0x0000000008008a68       0x5e Drivers/STM32H7xx_HAL_Driver/Src/stm32h7xx_hal_sai.o
 *fill*         0x0000000008008ac6        0x2 
 .text.USB_CoreInit
                0x0000000008008ac8       0xdc Drivers/STM32H7xx_HAL_Driver/Src/stm32h7xx_ll_usb.o
                0x0000000008008ac8                USB_CoreInit
 .text.USB_SetTurnaroundTime
                0x0000000008008ba4      0x144 Drivers/STM32H7xx_HAL_Driver/Src/stm32h7xx_ll_usb.o
                0x0000000008008ba4                USB_SetTurnaroundTime
 .text.USB_EnableGlobalInt
                0x0000000008008ce8       0x22 Drivers/STM32H7xx_HAL_Driver/Src/stm32h7xx_ll_usb.o
                0x0000000008008ce8                USB_EnableGlobalInt
 .text.USB_DisableGlobalInt
                0x0000000008008d0a       0x22 Drivers/STM32H7xx_HAL_Driver/Src/stm32h7xx_ll_usb.o
                0x0000000008008d0a                USB_DisableGlobalInt
 .text.USB_SetCurrentMode
                0x0000000008008d2c       0x54 Drivers/STM32H7xx_HAL_Driver/Src/stm32h7xx_ll_usb.o
                0x0000000008008d2c                USB_SetCurrentMode
 .text.USB_DevInit
                0x0000000008008d80      0x2bc Drivers/STM32H7xx_HAL_Driver/Src/stm32h7xx_ll_usb.o
                0x0000000008008d80                USB_DevInit
 .text.USB_FlushTxFifo
                0x000000000800903c       0x4c Drivers/STM32H7xx_HAL_Driver/Src/stm32h7xx_ll_usb.o
                0x000000000800903c                USB_FlushTxFifo
 .text.USB_FlushRxFifo
                0x0000000008009088       0x44 Drivers/STM32H7xx_HAL_Driver/Src/stm32h7xx_ll_usb.o
                0x0000000008009088                USB_FlushRxFifo
 .text.USB_SetDevSpeed
                0x00000000080090cc       0x32 Drivers/STM32H7xx_HAL_Driver/Src/stm32h7xx_ll_usb.o
                0x00000000080090cc                USB_SetDevSpeed
 .text.USB_GetDevSpeed
                0x00000000080090fe       0x4a Drivers/STM32H7xx_HAL_Driver/Src/stm32h7xx_ll_usb.o
                0x00000000080090fe                USB_GetDevSpeed
 .text.USB_ActivateEndpoint
                0x0000000008009148      0x110 Drivers/STM32H7xx_HAL_Driver/Src/stm32h7xx_ll_usb.o
                0x0000000008009148                USB_ActivateEndpoint
 .text.USB_DeactivateEndpoint
                0x0000000008009258      0x1b8 Drivers/STM32H7xx_HAL_Driver/Src/stm32h7xx_ll_usb.o
                0x0000000008009258                USB_DeactivateEndpoint
 .text.USB_EPStartXfer
                0x0000000008009410      0x498 Drivers/STM32H7xx_HAL_Driver/Src/stm32h7xx_ll_usb.o
                0x0000000008009410                USB_EPStartXfer
 .text.USB_EP0StartXfer
                0x00000000080098a8      0x2b0 Drivers/STM32H7xx_HAL_Driver/Src/stm32h7xx_ll_usb.o
                0x00000000080098a8                USB_EP0StartXfer
 .text.USB_WritePacket
                0x0000000008009b58       0x7c Drivers/STM32H7xx_HAL_Driver/Src/stm32h7xx_ll_usb.o
                0x0000000008009b58                USB_WritePacket
 .text.USB_ReadPacket
                0x0000000008009bd4       0xb0 Drivers/STM32H7xx_HAL_Driver/Src/stm32h7xx_ll_usb.o
                0x0000000008009bd4                USB_ReadPacket
 .text.USB_EPSetStall
                0x0000000008009c84       0xdc Drivers/STM32H7xx_HAL_Driver/Src/stm32h7xx_ll_usb.o
                0x0000000008009c84                USB_EPSetStall
 .text.USB_EPClearStall
                0x0000000008009d60       0xcc Drivers/STM32H7xx_HAL_Driver/Src/stm32h7xx_ll_usb.o
                0x0000000008009d60                USB_EPClearStall
 .text.USB_SetDevAddress
                0x0000000008009e2c       0x4c Drivers/STM32H7xx_HAL_Driver/Src/stm32h7xx_ll_usb.o
                0x0000000008009e2c                USB_SetDevAddress
 .text.USB_DevConnect
                0x0000000008009e78       0x42 Drivers/STM32H7xx_HAL_Driver/Src/stm32h7xx_ll_usb.o
                0x0000000008009e78                USB_DevConnect
 .text.USB_DevDisconnect
                0x0000000008009eba       0x42 Drivers/STM32H7xx_HAL_Driver/Src/stm32h7xx_ll_usb.o
                0x0000000008009eba                USB_DevDisconnect
 .text.USB_ReadInterrupts
                0x0000000008009efc       0x26 Drivers/STM32H7xx_HAL_Driver/Src/stm32h7xx_ll_usb.o
                0x0000000008009efc                USB_ReadInterrupts
 .text.USB_ReadDevAllOutEpInterrupt
                0x0000000008009f22       0x34 Drivers/STM32H7xx_HAL_Driver/Src/stm32h7xx_ll_usb.o
                0x0000000008009f22                USB_ReadDevAllOutEpInterrupt
 .text.USB_ReadDevAllInEpInterrupt
                0x0000000008009f56       0x34 Drivers/STM32H7xx_HAL_Driver/Src/stm32h7xx_ll_usb.o
                0x0000000008009f56                USB_ReadDevAllInEpInterrupt
 .text.USB_ReadDevOutEPInterrupt
                0x0000000008009f8a       0x3c Drivers/STM32H7xx_HAL_Driver/Src/stm32h7xx_ll_usb.o
                0x0000000008009f8a                USB_ReadDevOutEPInterrupt
 .text.USB_ReadDevInEPInterrupt
                0x0000000008009fc6       0x5c Drivers/STM32H7xx_HAL_Driver/Src/stm32h7xx_ll_usb.o
                0x0000000008009fc6                USB_ReadDevInEPInterrupt
 .text.USB_GetMode
                0x000000000800a022       0x1c Drivers/STM32H7xx_HAL_Driver/Src/stm32h7xx_ll_usb.o
                0x000000000800a022                USB_GetMode
 *fill*         0x000000000800a03e        0x2 
 .text.USB_ActivateSetup
                0x000000000800a040       0x48 Drivers/STM32H7xx_HAL_Driver/Src/stm32h7xx_ll_usb.o
                0x000000000800a040                USB_ActivateSetup
 .text.USB_EP0_OutStart
                0x000000000800a088       0xbc Drivers/STM32H7xx_HAL_Driver/Src/stm32h7xx_ll_usb.o
                0x000000000800a088                USB_EP0_OutStart
 .text.USB_CoreReset
                0x000000000800a144       0x68 Drivers/STM32H7xx_HAL_Driver/Src/stm32h7xx_ll_usb.o
 .text.USBD_AUDIO_Init
                0x000000000800a1ac       0x72 Middlewares/ST/STM32_USB_Device_Library/Class/AUDIO/Src/usbd_audio.o
 .text.USBD_AUDIO_DeInit
                0x000000000800a21e       0xe0 Middlewares/ST/STM32_USB_Device_Library/Class/AUDIO/Src/usbd_audio.o
 *fill*         0x000000000800a2fe        0x2 
 .text.USBD_AUDIO_SetInterfaceAlternate
                0x000000000800a300      0x17c Middlewares/ST/STM32_USB_Device_Library/Class/AUDIO/Src/usbd_audio.o
 .text.USBD_AUDIO_Setup
                0x000000000800a47c      0x1c8 Middlewares/ST/STM32_USB_Device_Library/Class/AUDIO/Src/usbd_audio.o
 .text.USBD_AUDIO_GetCfgDesc
                0x000000000800a644       0x28 Middlewares/ST/STM32_USB_Device_Library/Class/AUDIO/Src/usbd_audio.o
 .text.USBD_AUDIO_DataIn
                0x000000000800a66c       0x90 Middlewares/ST/STM32_USB_Device_Library/Class/AUDIO/Src/usbd_audio.o
 .text.USBD_AUDIO_EP0_RxReady
                0x000000000800a6fc       0xd6 Middlewares/ST/STM32_USB_Device_Library/Class/AUDIO/Src/usbd_audio.o
 .text.USBD_AUDIO_EP0_TxReady
                0x000000000800a7d2       0x16 Middlewares/ST/STM32_USB_Device_Library/Class/AUDIO/Src/usbd_audio.o
 .text.USBD_AUDIO_SOF
                0x000000000800a7e8       0x86 Middlewares/ST/STM32_USB_Device_Library/Class/AUDIO/Src/usbd_audio.o
 *fill*         0x000000000800a86e        0x2 
 .text.USBD_AUDIO_IsoINIncomplete
                0x000000000800a870      0x114 Middlewares/ST/STM32_USB_Device_Library/Class/AUDIO/Src/usbd_audio.o
 .text.USBD_AUDIO_IsoOutIncomplete
                0x000000000800a984       0x1a Middlewares/ST/STM32_USB_Device_Library/Class/AUDIO/Src/usbd_audio.o
 .text.USBD_AUDIO_DataOut
                0x000000000800a99e       0x7e Middlewares/ST/STM32_USB_Device_Library/Class/AUDIO/Src/usbd_audio.o
 .text.AUDIO_REQ
                0x000000000800aa1c      0x1d0 Middlewares/ST/STM32_USB_Device_Library/Class/AUDIO/Src/usbd_audio.o
 .text.USBD_AUDIO_GetDeviceQualifierDesc
                0x000000000800abec       0x20 Middlewares/ST/STM32_USB_Device_Library/Class/AUDIO/Src/usbd_audio.o
 .text.USBD_AUDIO_RegisterInterface
                0x000000000800ac0c       0x38 Middlewares/ST/STM32_USB_Device_Library/Class/AUDIO/Src/usbd_audio.o
                0x000000000800ac0c                USBD_AUDIO_RegisterInterface
 .text.USBD_Init
                0x000000000800ac44       0x60 Middlewares/ST/STM32_USB_Device_Library/Core/Src/usbd_core.o
                0x000000000800ac44                USBD_Init
 .text.USBD_RegisterClass
                0x000000000800aca4       0x4e Middlewares/ST/STM32_USB_Device_Library/Core/Src/usbd_core.o
                0x000000000800aca4                USBD_RegisterClass
 .text.USBD_Start
                0x000000000800acf2       0x18 Middlewares/ST/STM32_USB_Device_Library/Core/Src/usbd_core.o
                0x000000000800acf2                USBD_Start
 .text.USBD_RunTestMode
                0x000000000800ad0a       0x16 Middlewares/ST/STM32_USB_Device_Library/Core/Src/usbd_core.o
                0x000000000800ad0a                USBD_RunTestMode
 .text.USBD_SetClassConfig
                0x000000000800ad20       0x38 Middlewares/ST/STM32_USB_Device_Library/Core/Src/usbd_core.o
                0x000000000800ad20                USBD_SetClassConfig
 .text.USBD_ClrClassConfig
                0x000000000800ad58       0x30 Middlewares/ST/STM32_USB_Device_Library/Core/Src/usbd_core.o
                0x000000000800ad58                USBD_ClrClassConfig
 .text.USBD_LL_SetupStage
                0x000000000800ad88       0xaa Middlewares/ST/STM32_USB_Device_Library/Core/Src/usbd_core.o
                0x000000000800ad88                USBD_LL_SetupStage
 .text.USBD_LL_DataOutStage
                0x000000000800ae32       0xc6 Middlewares/ST/STM32_USB_Device_Library/Core/Src/usbd_core.o
                0x000000000800ae32                USBD_LL_DataOutStage
 .text.USBD_LL_DataInStage
                0x000000000800aef8      0x12c Middlewares/ST/STM32_USB_Device_Library/Core/Src/usbd_core.o
                0x000000000800aef8                USBD_LL_DataInStage
 .text.USBD_LL_Reset
                0x000000000800b024       0x9c Middlewares/ST/STM32_USB_Device_Library/Core/Src/usbd_core.o
                0x000000000800b024                USBD_LL_Reset
 .text.USBD_LL_SetSpeed
                0x000000000800b0c0       0x20 Middlewares/ST/STM32_USB_Device_Library/Core/Src/usbd_core.o
                0x000000000800b0c0                USBD_LL_SetSpeed
 .text.USBD_LL_Suspend
                0x000000000800b0e0       0x2c Middlewares/ST/STM32_USB_Device_Library/Core/Src/usbd_core.o
                0x000000000800b0e0                USBD_LL_Suspend
 .text.USBD_LL_Resume
                0x000000000800b10c       0x30 Middlewares/ST/STM32_USB_Device_Library/Core/Src/usbd_core.o
                0x000000000800b10c                USBD_LL_Resume
 .text.USBD_LL_SOF
                0x000000000800b13c       0x44 Middlewares/ST/STM32_USB_Device_Library/Core/Src/usbd_core.o
                0x000000000800b13c                USBD_LL_SOF
 .text.USBD_LL_IsoINIncomplete
                0x000000000800b180       0x4c Middlewares/ST/STM32_USB_Device_Library/Core/Src/usbd_core.o
                0x000000000800b180                USBD_LL_IsoINIncomplete
 .text.USBD_LL_IsoOUTIncomplete
                0x000000000800b1cc       0x4c Middlewares/ST/STM32_USB_Device_Library/Core/Src/usbd_core.o
                0x000000000800b1cc                USBD_LL_IsoOUTIncomplete
 .text.USBD_LL_DevConnected
                0x000000000800b218       0x16 Middlewares/ST/STM32_USB_Device_Library/Core/Src/usbd_core.o
                0x000000000800b218                USBD_LL_DevConnected
 .text.USBD_LL_DevDisconnected
                0x000000000800b22e       0x38 Middlewares/ST/STM32_USB_Device_Library/Core/Src/usbd_core.o
                0x000000000800b22e                USBD_LL_DevDisconnected
 .text.SWAPBYTE
                0x000000000800b266       0x3c Middlewares/ST/STM32_USB_Device_Library/Core/Src/usbd_ctlreq.o
 *fill*         0x000000000800b2a2        0x2 
 .text.USBD_StdDevReq
                0x000000000800b2a4       0xdc Middlewares/ST/STM32_USB_Device_Library/Core/Src/usbd_ctlreq.o
                0x000000000800b2a4                USBD_StdDevReq
 .text.USBD_StdItfReq
                0x000000000800b380       0x92 Middlewares/ST/STM32_USB_Device_Library/Core/Src/usbd_ctlreq.o
                0x000000000800b380                USBD_StdItfReq
 .text.USBD_StdEPReq
                0x000000000800b412      0x2c4 Middlewares/ST/STM32_USB_Device_Library/Core/Src/usbd_ctlreq.o
                0x000000000800b412                USBD_StdEPReq
 *fill*         0x000000000800b6d6        0x2 
 .text.USBD_GetDescriptor
                0x000000000800b6d8      0x2d4 Middlewares/ST/STM32_USB_Device_Library/Core/Src/usbd_ctlreq.o
 .text.USBD_SetAddress
                0x000000000800b9ac       0x88 Middlewares/ST/STM32_USB_Device_Library/Core/Src/usbd_ctlreq.o
 .text.USBD_SetConfig
                0x000000000800ba34      0x14c Middlewares/ST/STM32_USB_Device_Library/Core/Src/usbd_ctlreq.o
 .text.USBD_GetConfig
                0x000000000800bb80       0x6c Middlewares/ST/STM32_USB_Device_Library/Core/Src/usbd_ctlreq.o
 .text.USBD_GetStatus
                0x000000000800bbec       0x68 Middlewares/ST/STM32_USB_Device_Library/Core/Src/usbd_ctlreq.o
 .text.USBD_SetFeature
                0x000000000800bc54       0x28 Middlewares/ST/STM32_USB_Device_Library/Core/Src/usbd_ctlreq.o
 .text.USBD_ClrFeature
                0x000000000800bc7c       0x44 Middlewares/ST/STM32_USB_Device_Library/Core/Src/usbd_ctlreq.o
 .text.USBD_ParseSetupRequest
                0x000000000800bcc0       0x74 Middlewares/ST/STM32_USB_Device_Library/Core/Src/usbd_ctlreq.o
                0x000000000800bcc0                USBD_ParseSetupRequest
 .text.USBD_CtlError
                0x000000000800bd34       0x22 Middlewares/ST/STM32_USB_Device_Library/Core/Src/usbd_ctlreq.o
                0x000000000800bd34                USBD_CtlError
 .text.USBD_GetString
                0x000000000800bd56       0x8c Middlewares/ST/STM32_USB_Device_Library/Core/Src/usbd_ctlreq.o
                0x000000000800bd56                USBD_GetString
 .text.USBD_GetLen
                0x000000000800bde2       0x34 Middlewares/ST/STM32_USB_Device_Library/Core/Src/usbd_ctlreq.o
 .text.USBD_CtlSendData
                0x000000000800be16       0x36 Middlewares/ST/STM32_USB_Device_Library/Core/Src/usbd_ioreq.o
                0x000000000800be16                USBD_CtlSendData
 .text.USBD_CtlContinueSendData
                0x000000000800be4c       0x22 Middlewares/ST/STM32_USB_Device_Library/Core/Src/usbd_ioreq.o
                0x000000000800be4c                USBD_CtlContinueSendData
 .text.USBD_CtlPrepareRx
                0x000000000800be6e       0x3a Middlewares/ST/STM32_USB_Device_Library/Core/Src/usbd_ioreq.o
                0x000000000800be6e                USBD_CtlPrepareRx
 .text.USBD_CtlContinueRx
                0x000000000800bea8       0x22 Middlewares/ST/STM32_USB_Device_Library/Core/Src/usbd_ioreq.o
                0x000000000800bea8                USBD_CtlContinueRx
 .text.USBD_CtlSendStatus
                0x000000000800beca       0x26 Middlewares/ST/STM32_USB_Device_Library/Core/Src/usbd_ioreq.o
                0x000000000800beca                USBD_CtlSendStatus
 .text.USBD_CtlReceiveStatus
                0x000000000800bef0       0x26 Middlewares/ST/STM32_USB_Device_Library/Core/Src/usbd_ioreq.o
                0x000000000800bef0                USBD_CtlReceiveStatus
 *fill*         0x000000000800bf16        0x2 
 .text.USB_AudioStreamingOutputInit
                0x000000000800bf18      0x124 USB_DEVICE/App/audio_usb_nodes.o
                0x000000000800bf18                USB_AudioStreamingOutputInit
 .text.USB_AudioStreamingInputOutputDeInit
                0x000000000800c03c       0x1c USB_DEVICE/App/audio_usb_nodes.o
 .text.USB_AudioStreamingInputOutputStart
                0x000000000800c058       0x60 USB_DEVICE/App/audio_usb_nodes.o
 .text.USB_AudioStreamingInputOutputStop
                0x000000000800c0b8       0x20 USB_DEVICE/App/audio_usb_nodes.o
 .text.USB_AudioStreamingInputOutputRestart
                0x000000000800c0d8       0x2c USB_DEVICE/App/audio_usb_nodes.o
 .text.USB_AudioStreamingOutputGetBuffer
                0x000000000800c104      0x1b4 USB_DEVICE/App/audio_usb_nodes.o
 .text.USB_AudioStreamingInputOutputGetMaxPacketLength
                0x000000000800c2b8       0x18 USB_DEVICE/App/audio_usb_nodes.o
 .text.USB_AudioStreamingInputOutputGetState
                0x000000000800c2d0       0x16 USB_DEVICE/App/audio_usb_nodes.o
 *fill*         0x000000000800c2e6        0x2 
 .text.USB_AudioStreamingFeatureUnitInit
                0x000000000800c2e8       0xe8 USB_DEVICE/App/audio_usb_nodes.o
                0x000000000800c2e8                USB_AudioStreamingFeatureUnitInit
 .text.USB_AudioStreamingFeatureUnitDInit
                0x000000000800c3d0       0x1c USB_DEVICE/App/audio_usb_nodes.o
 .text.USB_AudioStreamingFeatureUnitStart
                0x000000000800c3ec       0x44 USB_DEVICE/App/audio_usb_nodes.o
 .text.USB_AudioStreamingFeatureUnitStop
                0x000000000800c430       0x20 USB_DEVICE/App/audio_usb_nodes.o
 .text.USB_AudioStreamingFeatureUnitGetMute
                0x000000000800c450       0x26 USB_DEVICE/App/audio_usb_nodes.o
 .text.USB_AudioStreamingFeatureUnitSetMute
                0x000000000800c476       0x44 USB_DEVICE/App/audio_usb_nodes.o
 .text.USB_AudioStreamingFeatureUnitGetCurVolume
                0x000000000800c4ba       0x28 USB_DEVICE/App/audio_usb_nodes.o
 .text.USB_AudioStreamingFeatureUnitSetCurVolume
                0x000000000800c4e2       0x58 USB_DEVICE/App/audio_usb_nodes.o
 .text.USB_AudioStreamingFeatureUnitGetStatus
                0x000000000800c53a       0x16 USB_DEVICE/App/audio_usb_nodes.o
 .text.USB_AudioStreamingInitializeDataBuffer
                0x000000000800c550       0x4a USB_DEVICE/App/audio_usb_nodes.o
                0x000000000800c550                USB_AudioStreamingInitializeDataBuffer
 *fill*         0x000000000800c59a        0x2 
 .text.AUDIO_RecordingSessionInit
                0x000000000800c59c      0x1a8 USB_DEVICE/App/audio_usb_recording_session.o
                0x000000000800c59c                AUDIO_RecordingSessionInit
 .text.USB_AudioRecordingSessionStart
                0x000000000800c744       0x8c USB_DEVICE/App/audio_usb_recording_session.o
 .text.USB_AudioRecordingSessionStop
                0x000000000800c7d0       0x4c USB_DEVICE/App/audio_usb_recording_session.o
 .text.USB_AudioRecordingSessionDeInit
                0x000000000800c81c       0x70 USB_DEVICE/App/audio_usb_recording_session.o
 .text.USB_AudioRecordingSessionCallback
                0x000000000800c88c      0x198 USB_DEVICE/App/audio_usb_recording_session.o
 .text.USB_AudioRecordingSetAudioStreamingInterfaceAlternateSetting
                0x000000000800ca24       0x4a USB_DEVICE/App/audio_usb_recording_session.o
 .text.USB_AudioRecordingGetState
                0x000000000800ca6e       0x16 USB_DEVICE/App/audio_usb_recording_session.o
 .text.USB_AudioRecordingSofReceived
                0x000000000800ca84      0x158 USB_DEVICE/App/audio_usb_recording_session.o
 .text.USB_AudioRecordingSynchroInit
                0x000000000800cbdc       0xc0 USB_DEVICE/App/audio_usb_recording_session.o
 .text.USB_AudioRecordingSynchroUpdate
                0x000000000800cc9c      0x388 USB_DEVICE/App/audio_usb_recording_session.o
 .text.USB_AudioRecordingSynchronizationGetSamplesCountToAddInNextPckt
                0x000000000800d024       0x30 USB_DEVICE/App/audio_usb_recording_session.o
                0x000000000800d024                USB_AudioRecordingSynchronizationGetSamplesCountToAddInNextPckt
 .text.USB_AudioRecordingSynchronizationNotificationSamplesRead
                0x000000000800d054       0x38 USB_DEVICE/App/audio_usb_recording_session.o
                0x000000000800d054                USB_AudioRecordingSynchronizationNotificationSamplesRead
 .text.MX_USB_DEVICE_Init
                0x000000000800d08c       0x64 USB_DEVICE/App/usb_device.o
                0x000000000800d08c                MX_USB_DEVICE_Init
 .text.USB_AUDIO_GetConfigDescriptor
                0x000000000800d0f0       0x28 USB_DEVICE/App/usbd_audio_10_config_descriptors.o
                0x000000000800d0f0                USB_AUDIO_GetConfigDescriptor
 .text.AUDIO_USB_Init
                0x000000000800d118       0x6c USB_DEVICE/App/usbd_audio_if.o
 .text.AUDIO_USB_DeInit
                0x000000000800d184       0x3c USB_DEVICE/App/usbd_audio_if.o
 .text.AUDIO_USB_GetState
                0x000000000800d1c0       0x16 USB_DEVICE/App/usbd_audio_if.o
 .text.AUDIO_USB_GetConfigDesc
                0x000000000800d1d6       0x24 USB_DEVICE/App/usbd_audio_if.o
 *fill*         0x000000000800d1fa        0x2 
 .text.USBD_FS_DeviceDescriptor
                0x000000000800d1fc       0x24 USB_DEVICE/App/usbd_desc.o
                0x000000000800d1fc                USBD_FS_DeviceDescriptor
 .text.USBD_FS_LangIDStrDescriptor
                0x000000000800d220       0x24 USB_DEVICE/App/usbd_desc.o
                0x000000000800d220                USBD_FS_LangIDStrDescriptor
 .text.USBD_FS_ProductStrDescriptor
                0x000000000800d244       0x3c USB_DEVICE/App/usbd_desc.o
                0x000000000800d244                USBD_FS_ProductStrDescriptor
 .text.USBD_FS_ManufacturerStrDescriptor
                0x000000000800d280       0x28 USB_DEVICE/App/usbd_desc.o
                0x000000000800d280                USBD_FS_ManufacturerStrDescriptor
 .text.USBD_FS_SerialStrDescriptor
                0x000000000800d2a8       0x24 USB_DEVICE/App/usbd_desc.o
                0x000000000800d2a8                USBD_FS_SerialStrDescriptor
 .text.USBD_FS_ConfigStrDescriptor
                0x000000000800d2cc       0x3c USB_DEVICE/App/usbd_desc.o
                0x000000000800d2cc                USBD_FS_ConfigStrDescriptor
 .text.USBD_FS_InterfaceStrDescriptor
                0x000000000800d308       0x3c USB_DEVICE/App/usbd_desc.o
                0x000000000800d308                USBD_FS_InterfaceStrDescriptor
 .text.Get_SerialNum
                0x000000000800d344       0x58 USB_DEVICE/App/usbd_desc.o
 .text.IntToUnicode
                0x000000000800d39c       0x7e USB_DEVICE/App/usbd_desc.o
 *fill*         0x000000000800d41a        0x2 
 .text.HAL_PCD_MspInit
                0x000000000800d41c       0xe4 USB_DEVICE/Target/usbd_conf.o
                0x000000000800d41c                HAL_PCD_MspInit
 .text.HAL_PCD_SetupStageCallback
                0x000000000800d500       0x24 USB_DEVICE/Target/usbd_conf.o
                0x000000000800d500                HAL_PCD_SetupStageCallback
 .text.HAL_PCD_DataOutStageCallback
                0x000000000800d524       0x36 USB_DEVICE/Target/usbd_conf.o
                0x000000000800d524                HAL_PCD_DataOutStageCallback
 .text.HAL_PCD_DataInStageCallback
                0x000000000800d55a       0x34 USB_DEVICE/Target/usbd_conf.o
                0x000000000800d55a                HAL_PCD_DataInStageCallback
 .text.HAL_PCD_SOFCallback
                0x000000000800d58e       0x1c USB_DEVICE/Target/usbd_conf.o
                0x000000000800d58e                HAL_PCD_SOFCallback
 .text.HAL_PCD_ResetCallback
                0x000000000800d5aa       0x50 USB_DEVICE/Target/usbd_conf.o
                0x000000000800d5aa                HAL_PCD_ResetCallback
 *fill*         0x000000000800d5fa        0x2 
 .text.HAL_PCD_SuspendCallback
                0x000000000800d5fc       0x4c USB_DEVICE/Target/usbd_conf.o
                0x000000000800d5fc                HAL_PCD_SuspendCallback
 .text.HAL_PCD_ResumeCallback
                0x000000000800d648       0x1c USB_DEVICE/Target/usbd_conf.o
                0x000000000800d648                HAL_PCD_ResumeCallback
 .text.HAL_PCD_ISOOUTIncompleteCallback
                0x000000000800d664       0x24 USB_DEVICE/Target/usbd_conf.o
                0x000000000800d664                HAL_PCD_ISOOUTIncompleteCallback
 .text.HAL_PCD_ISOINIncompleteCallback
                0x000000000800d688       0x24 USB_DEVICE/Target/usbd_conf.o
                0x000000000800d688                HAL_PCD_ISOINIncompleteCallback
 .text.HAL_PCD_ConnectCallback
                0x000000000800d6ac       0x1c USB_DEVICE/Target/usbd_conf.o
                0x000000000800d6ac                HAL_PCD_ConnectCallback
 .text.HAL_PCD_DisconnectCallback
                0x000000000800d6c8       0x1c USB_DEVICE/Target/usbd_conf.o
                0x000000000800d6c8                HAL_PCD_DisconnectCallback
 .text.USBD_LL_Init
                0x000000000800d6e4       0xa0 USB_DEVICE/Target/usbd_conf.o
                0x000000000800d6e4                USBD_LL_Init
 .text.USBD_LL_Start
                0x000000000800d784       0x36 USB_DEVICE/Target/usbd_conf.o
                0x000000000800d784                USBD_LL_Start
 .text.USBD_LL_OpenEP
                0x000000000800d7ba       0x4c USB_DEVICE/Target/usbd_conf.o
                0x000000000800d7ba                USBD_LL_OpenEP
 .text.USBD_LL_CloseEP
                0x000000000800d806       0x3e USB_DEVICE/Target/usbd_conf.o
                0x000000000800d806                USBD_LL_CloseEP
 .text.USBD_LL_FlushEP
                0x000000000800d844       0x3e USB_DEVICE/Target/usbd_conf.o
                0x000000000800d844                USBD_LL_FlushEP
 .text.USBD_LL_StallEP
                0x000000000800d882       0x3e USB_DEVICE/Target/usbd_conf.o
                0x000000000800d882                USBD_LL_StallEP
 .text.USBD_LL_ClearStallEP
                0x000000000800d8c0       0x3e USB_DEVICE/Target/usbd_conf.o
                0x000000000800d8c0                USBD_LL_ClearStallEP
 .text.USBD_LL_IsStallEP
                0x000000000800d8fe       0x58 USB_DEVICE/Target/usbd_conf.o
                0x000000000800d8fe                USBD_LL_IsStallEP
 .text.USBD_LL_SetUSBAddress
                0x000000000800d956       0x3e USB_DEVICE/Target/usbd_conf.o
                0x000000000800d956                USBD_LL_SetUSBAddress
 .text.USBD_LL_Transmit
                0x000000000800d994       0x42 USB_DEVICE/Target/usbd_conf.o
                0x000000000800d994                USBD_LL_Transmit
 .text.USBD_LL_PrepareReceive
                0x000000000800d9d6       0x42 USB_DEVICE/Target/usbd_conf.o
                0x000000000800d9d6                USBD_LL_PrepareReceive
 .text.USBD_LL_GetRxDataSize
                0x000000000800da18       0x26 USB_DEVICE/Target/usbd_conf.o
                0x000000000800da18                USBD_LL_GetRxDataSize
 *fill*         0x000000000800da3e        0x2 
 .text.USBD_static_malloc
                0x000000000800da40       0x1c USB_DEVICE/Target/usbd_conf.o
                0x000000000800da40                USBD_static_malloc
 .text.USBD_static_free
                0x000000000800da5c       0x14 USB_DEVICE/Target/usbd_conf.o
                0x000000000800da5c                USBD_static_free
 .text.USBD_Get_USB_Status
                0x000000000800da70       0x58 USB_DEVICE/Target/usbd_conf.o
                0x000000000800da70                USBD_Get_USB_Status
 .text.__errno  0x000000000800dac8        0xc c:/st/stm32cubeide_1.0.2/stm32cubeide/plugins/com.st.stm32cube.ide.mcu.externaltools.gnu-tools-for-stm32.9-2020-q2-update.win32_1.5.0.202011040924/tools/bin/../lib/gcc/arm-none-eabi/9.3.1/../../../../arm-none-eabi/lib/thumb/v7e-m+dp/hard\libc_nano.a(lib_a-errno.o)
                0x000000000800dac8                __errno
 .text.__libc_init_array
                0x000000000800dad4       0x48 c:/st/stm32cubeide_1.0.2/stm32cubeide/plugins/com.st.stm32cube.ide.mcu.externaltools.gnu-tools-for-stm32.9-2020-q2-update.win32_1.5.0.202011040924/tools/bin/../lib/gcc/arm-none-eabi/9.3.1/../../../../arm-none-eabi/lib/thumb/v7e-m+dp/hard\libc_nano.a(lib_a-init.o)
                0x000000000800dad4                __libc_init_array
 .text.malloc   0x000000000800db1c       0x10 c:/st/stm32cubeide_1.0.2/stm32cubeide/plugins/com.st.stm32cube.ide.mcu.externaltools.gnu-tools-for-stm32.9-2020-q2-update.win32_1.5.0.202011040924/tools/bin/../lib/gcc/arm-none-eabi/9.3.1/../../../../arm-none-eabi/lib/thumb/v7e-m+dp/hard\libc_nano.a(lib_a-malloc.o)
                0x000000000800db1c                malloc
 .text.free     0x000000000800db2c       0x10 c:/st/stm32cubeide_1.0.2/stm32cubeide/plugins/com.st.stm32cube.ide.mcu.externaltools.gnu-tools-for-stm32.9-2020-q2-update.win32_1.5.0.202011040924/tools/bin/../lib/gcc/arm-none-eabi/9.3.1/../../../../arm-none-eabi/lib/thumb/v7e-m+dp/hard\libc_nano.a(lib_a-malloc.o)
                0x000000000800db2c                free
 .text.memcpy   0x000000000800db3c       0x1c c:/st/stm32cubeide_1.0.2/stm32cubeide/plugins/com.st.stm32cube.ide.mcu.externaltools.gnu-tools-for-stm32.9-2020-q2-update.win32_1.5.0.202011040924/tools/bin/../lib/gcc/arm-none-eabi/9.3.1/../../../../arm-none-eabi/lib/thumb/v7e-m+dp/hard\libc_nano.a(lib_a-memcpy-stub.o)
                0x000000000800db3c                memcpy
 .text.memset   0x000000000800db58       0x10 c:/st/stm32cubeide_1.0.2/stm32cubeide/plugins/com.st.stm32cube.ide.mcu.externaltools.gnu-tools-for-stm32.9-2020-q2-update.win32_1.5.0.202011040924/tools/bin/../lib/gcc/arm-none-eabi/9.3.1/../../../../arm-none-eabi/lib/thumb/v7e-m+dp/hard\libc_nano.a(lib_a-memset.o)
                0x000000000800db58                memset
 .text._free_r  0x000000000800db68       0xa0 c:/st/stm32cubeide_1.0.2/stm32cubeide/plugins/com.st.stm32cube.ide.mcu.externaltools.gnu-tools-for-stm32.9-2020-q2-update.win32_1.5.0.202011040924/tools/bin/../lib/gcc/arm-none-eabi/9.3.1/../../../../arm-none-eabi/lib/thumb/v7e-m+dp/hard\libc_nano.a(lib_a-nano-freer.o)
                0x000000000800db68                _free_r
 .text._malloc_r
                0x000000000800dc08       0xb4 c:/st/stm32cubeide_1.0.2/stm32cubeide/plugins/com.st.stm32cube.ide.mcu.externaltools.gnu-tools-for-stm32.9-2020-q2-update.win32_1.5.0.202011040924/tools/bin/../lib/gcc/arm-none-eabi/9.3.1/../../../../arm-none-eabi/lib/thumb/v7e-m+dp/hard\libc_nano.a(lib_a-nano-mallocr.o)
                0x000000000800dc08                _malloc_r
 .text._sbrk_r  0x000000000800dcbc       0x20 c:/st/stm32cubeide_1.0.2/stm32cubeide/plugins/com.st.stm32cube.ide.mcu.externaltools.gnu-tools-for-stm32.9-2020-q2-update.win32_1.5.0.202011040924/tools/bin/../lib/gcc/arm-none-eabi/9.3.1/../../../../arm-none-eabi/lib/thumb/v7e-m+dp/hard\libc_nano.a(lib_a-sbrkr.o)
                0x000000000800dcbc                _sbrk_r
 .text.__malloc_lock
                0x000000000800dcdc        0xc c:/st/stm32cubeide_1.0.2/stm32cubeide/plugins/com.st.stm32cube.ide.mcu.externaltools.gnu-tools-for-stm32.9-2020-q2-update.win32_1.5.0.202011040924/tools/bin/../lib/gcc/arm-none-eabi/9.3.1/../../../../arm-none-eabi/lib/thumb/v7e-m+dp/hard\libc_nano.a(lib_a-mlock.o)
                0x000000000800dcdc                __malloc_lock
 .text.__malloc_unlock
                0x000000000800dce8        0xc c:/st/stm32cubeide_1.0.2/stm32cubeide/plugins/com.st.stm32cube.ide.mcu.externaltools.gnu-tools-for-stm32.9-2020-q2-update.win32_1.5.0.202011040924/tools/bin/../lib/gcc/arm-none-eabi/9.3.1/../../../../arm-none-eabi/lib/thumb/v7e-m+dp/hard\libc_nano.a(lib_a-mlock.o)
                0x000000000800dce8                __malloc_unlock
 .text.__retarget_lock_acquire_recursive
                0x000000000800dcf4        0x2 c:/st/stm32cubeide_1.0.2/stm32cubeide/plugins/com.st.stm32cube.ide.mcu.externaltools.gnu-tools-for-stm32.9-2020-q2-update.win32_1.5.0.202011040924/tools/bin/../lib/gcc/arm-none-eabi/9.3.1/../../../../arm-none-eabi/lib/thumb/v7e-m+dp/hard\libc_nano.a(lib_a-lock.o)
                0x000000000800dcf4                __retarget_lock_acquire_recursive
 .text.__retarget_lock_release_recursive
                0x000000000800dcf6        0x2 c:/st/stm32cubeide_1.0.2/stm32cubeide/plugins/com.st.stm32cube.ide.mcu.externaltools.gnu-tools-for-stm32.9-2020-q2-update.win32_1.5.0.202011040924/tools/bin/../lib/gcc/arm-none-eabi/9.3.1/../../../../arm-none-eabi/lib/thumb/v7e-m+dp/hard\libc_nano.a(lib_a-lock.o)
                0x000000000800dcf6                __retarget_lock_release_recursive
 *(.glue_7)
 .glue_7        0x000000000800dcf8        0x0 linker stubs
 *(.glue_7t)
 .glue_7t       0x000000000800dcf8        0x0 linker stubs
 *(.eh_frame)
 .eh_frame      0x000000000800dcf8        0x0 c:/st/stm32cubeide_1.0.2/stm32cubeide/plugins/com.st.stm32cube.ide.mcu.externaltools.gnu-tools-for-stm32.9-2020-q2-update.win32_1.5.0.202011040924/tools/bin/../lib/gcc/arm-none-eabi/9.3.1/thumb/v7e-m+dp/hard/crtbegin.o
 *(.init)
 .init          0x000000000800dcf8        0x4 c:/st/stm32cubeide_1.0.2/stm32cubeide/plugins/com.st.stm32cube.ide.mcu.externaltools.gnu-tools-for-stm32.9-2020-q2-update.win32_1.5.0.202011040924/tools/bin/../lib/gcc/arm-none-eabi/9.3.1/thumb/v7e-m+dp/hard/crti.o
                0x000000000800dcf8                _init
 .init          0x000000000800dcfc        0x8 c:/st/stm32cubeide_1.0.2/stm32cubeide/plugins/com.st.stm32cube.ide.mcu.externaltools.gnu-tools-for-stm32.9-2020-q2-update.win32_1.5.0.202011040924/tools/bin/../lib/gcc/arm-none-eabi/9.3.1/thumb/v7e-m+dp/hard/crtn.o
 *(.fini)
 .fini          0x000000000800dd04        0x4 c:/st/stm32cubeide_1.0.2/stm32cubeide/plugins/com.st.stm32cube.ide.mcu.externaltools.gnu-tools-for-stm32.9-2020-q2-update.win32_1.5.0.202011040924/tools/bin/../lib/gcc/arm-none-eabi/9.3.1/thumb/v7e-m+dp/hard/crti.o
                0x000000000800dd04                _fini
 .fini          0x000000000800dd08        0x8 c:/st/stm32cubeide_1.0.2/stm32cubeide/plugins/com.st.stm32cube.ide.mcu.externaltools.gnu-tools-for-stm32.9-2020-q2-update.win32_1.5.0.202011040924/tools/bin/../lib/gcc/arm-none-eabi/9.3.1/thumb/v7e-m+dp/hard/crtn.o
                0x000000000800dd10                . = ALIGN (0x4)
                0x000000000800dd10                _etext = .

.vfp11_veneer   0x000000000800dd10        0x0
 .vfp11_veneer  0x000000000800dd10        0x0 linker stubs

.v4_bx          0x000000000800dd10        0x0
 .v4_bx         0x000000000800dd10        0x0 linker stubs

.iplt           0x000000000800dd10        0x0
 .iplt          0x000000000800dd10        0x0 c:/st/stm32cubeide_1.0.2/stm32cubeide/plugins/com.st.stm32cube.ide.mcu.externaltools.gnu-tools-for-stm32.9-2020-q2-update.win32_1.5.0.202011040924/tools/bin/../lib/gcc/arm-none-eabi/9.3.1/thumb/v7e-m+dp/hard/crtbegin.o

.rodata         0x000000000800dd10       0x60
                0x000000000800dd10                . = ALIGN (0x4)
 *(.rodata)
 .rodata        0x000000000800dd10       0x48 USB_DEVICE/App/usbd_desc.o
 *(.rodata*)
 .rodata.D1CorePrescTable
                0x000000000800dd58       0x10 Core/Src/system_stm32h7xx.o
                0x000000000800dd58                D1CorePrescTable
 .rodata.flagBitshiftOffset.10968
                0x000000000800dd68        0x8 Drivers/STM32H7xx_HAL_Driver/Src/stm32h7xx_hal_dma.o
                0x000000000800dd70                . = ALIGN (0x4)

.rel.dyn        0x000000000800dd70        0x0
 .rel.iplt      0x000000000800dd70        0x0 c:/st/stm32cubeide_1.0.2/stm32cubeide/plugins/com.st.stm32cube.ide.mcu.externaltools.gnu-tools-for-stm32.9-2020-q2-update.win32_1.5.0.202011040924/tools/bin/../lib/gcc/arm-none-eabi/9.3.1/thumb/v7e-m+dp/hard/crtbegin.o

.ARM.extab
 *(.ARM.extab* .gnu.linkonce.armextab.*)

.ARM            0x000000000800dd70        0x0
                0x000000000800dd70                __exidx_start = .
 *(.ARM.exidx*)
                0x000000000800dd70                __exidx_end = .

.preinit_array  0x000000000800dd70        0x0
                0x000000000800dd70                PROVIDE (__preinit_array_start = .)
 *(.preinit_array*)
                0x000000000800dd70                PROVIDE (__preinit_array_end = .)

.init_array     0x000000000800dd70        0x4
                0x000000000800dd70                PROVIDE (__init_array_start = .)
 *(SORT_BY_NAME(.init_array.*))
 *(.init_array*)
 .init_array    0x000000000800dd70        0x4 c:/st/stm32cubeide_1.0.2/stm32cubeide/plugins/com.st.stm32cube.ide.mcu.externaltools.gnu-tools-for-stm32.9-2020-q2-update.win32_1.5.0.202011040924/tools/bin/../lib/gcc/arm-none-eabi/9.3.1/thumb/v7e-m+dp/hard/crtbegin.o
                0x000000000800dd74                PROVIDE (__init_array_end = .)

.fini_array     0x000000000800dd74        0x4
                [!provide]                        PROVIDE (__fini_array_start = .)
 *(SORT_BY_NAME(.fini_array.*))
 *(.fini_array*)
 .fini_array    0x000000000800dd74        0x4 c:/st/stm32cubeide_1.0.2/stm32cubeide/plugins/com.st.stm32cube.ide.mcu.externaltools.gnu-tools-for-stm32.9-2020-q2-update.win32_1.5.0.202011040924/tools/bin/../lib/gcc/arm-none-eabi/9.3.1/thumb/v7e-m+dp/hard/crtbegin.o
                [!provide]                        PROVIDE (__fini_array_end = .)
                0x000000000800dd78                _sidata = LOADADDR (.data)

.data           0x0000000020000000      0x190 load address 0x000000000800dd78
                0x0000000020000000                . = ALIGN (0x4)
                0x0000000020000000                _sdata = .
 *(.data)
 *(.data*)
 .data.SystemCoreClock
                0x0000000020000000        0x4 Core/Src/system_stm32h7xx.o
                0x0000000020000000                SystemCoreClock
 .data.SystemD2Clock
                0x0000000020000004        0x4 Core/Src/system_stm32h7xx.o
                0x0000000020000004                SystemD2Clock
 .data.AudioIn_ChannelNumber
                0x0000000020000008        0x1 Drivers/BSP_Custom/H743_audio_ex.o
 *fill*         0x0000000020000009        0x3 
 .data.uwTickPrio
                0x000000002000000c        0x4 Drivers/STM32H7xx_HAL_Driver/Src/stm32h7xx_hal.o
                0x000000002000000c                uwTickPrio
 .data.uwTickFreq
                0x0000000020000010        0x1 Drivers/STM32H7xx_HAL_Driver/Src/stm32h7xx_hal.o
                0x0000000020000010                uwTickFreq
 *fill*         0x0000000020000011        0x3 
 .data.USBD_AUDIO
                0x0000000020000014       0x38 Middlewares/ST/STM32_USB_Device_Library/Class/AUDIO/Src/usbd_audio.o
                0x0000000020000014                USBD_AUDIO
 .data.USBD_AUDIO_DeviceQualifierDesc
                0x000000002000004c        0xa Middlewares/ST/STM32_USB_Device_Library/Class/AUDIO/Src/usbd_audio.o
 *fill*         0x0000000020000056        0x2 
 .data.USBD_AUDIO_ConfigDescriptor
                0x0000000020000058       0x6e USB_DEVICE/App/usbd_audio_10_config_descriptors.o
 *fill*         0x00000000200000c6        0x2 
 .data.audio_class_interface
                0x00000000200000c8       0x14 USB_DEVICE/App/usbd_audio_if.o
                0x00000000200000c8                audio_class_interface
 .data.FS_Desc  0x00000000200000dc       0x1c USB_DEVICE/App/usbd_desc.o
                0x00000000200000dc                FS_Desc
 .data.USBD_FS_DeviceDesc
                0x00000000200000f8       0x12 USB_DEVICE/App/usbd_desc.o
                0x00000000200000f8                USBD_FS_DeviceDesc
 *fill*         0x000000002000010a        0x2 
 .data.USBD_LangIDDesc
                0x000000002000010c        0x4 USB_DEVICE/App/usbd_desc.o
                0x000000002000010c                USBD_LangIDDesc
 .data.USBD_StringSerial
                0x0000000020000110       0x1a USB_DEVICE/App/usbd_desc.o
                0x0000000020000110                USBD_StringSerial
 *fill*         0x000000002000012a        0x2 
 .data._impure_ptr
                0x000000002000012c        0x4 c:/st/stm32cubeide_1.0.2/stm32cubeide/plugins/com.st.stm32cube.ide.mcu.externaltools.gnu-tools-for-stm32.9-2020-q2-update.win32_1.5.0.202011040924/tools/bin/../lib/gcc/arm-none-eabi/9.3.1/../../../../arm-none-eabi/lib/thumb/v7e-m+dp/hard\libc_nano.a(lib_a-impure.o)
                0x000000002000012c                _impure_ptr
 .data.impure_data
                0x0000000020000130       0x60 c:/st/stm32cubeide_1.0.2/stm32cubeide/plugins/com.st.stm32cube.ide.mcu.externaltools.gnu-tools-for-stm32.9-2020-q2-update.win32_1.5.0.202011040924/tools/bin/../lib/gcc/arm-none-eabi/9.3.1/../../../../arm-none-eabi/lib/thumb/v7e-m+dp/hard\libc_nano.a(lib_a-impure.o)
 *(.RamFunc)
 *(.RamFunc*)
                0x0000000020000190                . = ALIGN (0x4)
                0x0000000020000190                _edata = .

.igot.plt       0x0000000020000190        0x0 load address 0x000000000800df08
 .igot.plt      0x0000000020000190        0x0 c:/st/stm32cubeide_1.0.2/stm32cubeide/plugins/com.st.stm32cube.ide.mcu.externaltools.gnu-tools-for-stm32.9-2020-q2-update.win32_1.5.0.202011040924/tools/bin/../lib/gcc/arm-none-eabi/9.3.1/thumb/v7e-m+dp/hard/crtbegin.o
                0x0000000020000190                . = ALIGN (0x4)

.bss            0x0000000020000190     0x14d4 load address 0x000000000800df08
                0x0000000020000190                _sbss = .
                0x0000000020000190                __bss_start__ = _sbss
 *(.bss)
 .bss           0x0000000020000190       0x1c c:/st/stm32cubeide_1.0.2/stm32cubeide/plugins/com.st.stm32cube.ide.mcu.externaltools.gnu-tools-for-stm32.9-2020-q2-update.win32_1.5.0.202011040924/tools/bin/../lib/gcc/arm-none-eabi/9.3.1/thumb/v7e-m+dp/hard/crtbegin.o
 *(.bss*)
 .bss.AUDIO_MicHandler
                0x00000000200001ac        0x4 Core/Src/audio_mic_node_mems.o
 .bss.__sbrk_heap_end
                0x00000000200001b0        0x4 Core/Src/sysmem.o
 .bss.pScratchBuff
                0x00000000200001b4       0x10 Drivers/BSP_Custom/H743_audio_ex.o
 .bss.ScratchSize
                0x00000000200001c4        0x4 Drivers/BSP_Custom/H743_audio_ex.o
 .bss.AudioIn_Device
                0x00000000200001c8        0x2 Drivers/BSP_Custom/H743_audio_ex.o
 *fill*         0x00000000200001ca        0x2 
 .bss.DmaTopLeftRecHalfCplt
                0x00000000200001cc        0x4 Drivers/BSP_Custom/H743_audio_ex.o
 .bss.DmaTopLeftRecCplt
                0x00000000200001d0        0x4 Drivers/BSP_Custom/H743_audio_ex.o
 .bss.DmaTopRightRecHalfCplt
                0x00000000200001d4        0x4 Drivers/BSP_Custom/H743_audio_ex.o
 .bss.DmaTopRightRecCplt
                0x00000000200001d8        0x4 Drivers/BSP_Custom/H743_audio_ex.o
 .bss.DmaButtomLeftRecHalfCplt
                0x00000000200001dc        0x4 Drivers/BSP_Custom/H743_audio_ex.o
 .bss.DmaButtomLeftRecCplt
                0x00000000200001e0        0x4 Drivers/BSP_Custom/H743_audio_ex.o
 .bss.DmaButtomRightRecHalfCplt
                0x00000000200001e4        0x4 Drivers/BSP_Custom/H743_audio_ex.o
 .bss.DmaButtomRightRecCplt
                0x00000000200001e8        0x4 Drivers/BSP_Custom/H743_audio_ex.o
 .bss.hdma_sai_rx.11348
                0x00000000200001ec       0x78 Drivers/BSP_Custom/H743_audio_ex.o
 .bss.v_dfsdm1ChannelCounter
                0x0000000020000264        0x4 Drivers/STM32H7xx_HAL_Driver/Src/stm32h7xx_hal_dfsdm.o
 .bss.a_dfsdm1ChannelHandle
                0x0000000020000268       0x20 Drivers/STM32H7xx_HAL_Driver/Src/stm32h7xx_hal_dfsdm.o
 .bss.USBD_AUDIO_CfgDesc
                0x0000000020000288        0x4 Middlewares/ST/STM32_USB_Device_Library/Class/AUDIO/Src/usbd_audio.o
 .bss.USBD_AUDIO_CfgDescSize
                0x000000002000028c        0x2 Middlewares/ST/STM32_USB_Device_Library/Class/AUDIO/Src/usbd_audio.o
 .bss.cfgidx.12673
                0x000000002000028e        0x1 Middlewares/ST/STM32_USB_Device_Library/Core/Src/usbd_ctlreq.o
 *fill*         0x000000002000028f        0x1 
 .bss.RecordingUSBOutputNode
                0x0000000020000290       0x34 USB_DEVICE/App/audio_usb_recording_session.o
 .bss.RecordingAudioDescription
                0x00000000200002c4       0x14 USB_DEVICE/App/audio_usb_recording_session.o
 .bss.RecordingFeatureUnitNode
                0x00000000200002d8       0x54 USB_DEVICE/App/audio_usb_recording_session.o
 .bss.RecordingMicrophoneNode
                0x000000002000032c      0x34c USB_DEVICE/App/audio_usb_recording_session.o
 .bss.RecordingSynchronizationParams
                0x0000000020000678       0x30 USB_DEVICE/App/audio_usb_recording_session.o
 .bss.underrun_count
                0x00000000200006a8        0x4 USB_DEVICE/App/audio_usb_recording_session.o
 .bss.overrun_count
                0x00000000200006ac        0x4 USB_DEVICE/App/audio_usb_recording_session.o
 .bss.mem.12840
                0x00000000200006b0      0x160 USB_DEVICE/Target/usbd_conf.o
 .bss.__malloc_free_list
                0x0000000020000810        0x4 c:/st/stm32cubeide_1.0.2/stm32cubeide/plugins/com.st.stm32cube.ide.mcu.externaltools.gnu-tools-for-stm32.9-2020-q2-update.win32_1.5.0.202011040924/tools/bin/../lib/gcc/arm-none-eabi/9.3.1/../../../../arm-none-eabi/lib/thumb/v7e-m+dp/hard\libc_nano.a(lib_a-nano-mallocr.o)
                0x0000000020000810                __malloc_free_list
 .bss.__malloc_sbrk_start
                0x0000000020000814        0x4 c:/st/stm32cubeide_1.0.2/stm32cubeide/plugins/com.st.stm32cube.ide.mcu.externaltools.gnu-tools-for-stm32.9-2020-q2-update.win32_1.5.0.202011040924/tools/bin/../lib/gcc/arm-none-eabi/9.3.1/../../../../arm-none-eabi/lib/thumb/v7e-m+dp/hard\libc_nano.a(lib_a-nano-mallocr.o)
                0x0000000020000814                __malloc_sbrk_start
 *(COMMON)
 COMMON         0x0000000020000818      0x540 Drivers/BSP_Custom/H743_audio_ex.o
                0x0000000020000818                hAudioInButtomRightFilter
                0x000000002000086c                haudio_in_sai
                0x0000000020000904                hDmaButtomLeft
                0x000000002000097c                haudio_out_sai
                0x0000000020000a14                hAudioInTopLeftFilter
                0x0000000020000a68                hDmaTopRight
                0x0000000020000ae0                hDmaTopLeft
                0x0000000020000b58                hAudioInTopLeftChannel
                0x0000000020000b90                hAudioInTopRightChannel
                0x0000000020000bc8                hAudioInButtomLeftFilter
                0x0000000020000c1c                hAudioInButtomRightChannel
                0x0000000020000c54                hAudioInTopRightFilter
                0x0000000020000ca8                hAudioInButtomLeftChannel
                0x0000000020000ce0                hDmaButtomRight
 COMMON         0x0000000020000d58        0x4 Drivers/STM32H7xx_HAL_Driver/Src/stm32h7xx_hal.o
                0x0000000020000d58                uwTick
 COMMON         0x0000000020000d5c      0x2d0 USB_DEVICE/App/usb_device.o
                0x0000000020000d5c                hUsbDeviceFS
 COMMON         0x000000002000102c       0x20 USB_DEVICE/App/usbd_audio_if.o
                0x000000002000102c                USB_AudioRecordingSession
 COMMON         0x000000002000104c      0x200 USB_DEVICE/App/usbd_desc.o
                0x000000002000104c                USBD_StrDesc
 COMMON         0x000000002000124c      0x408 USB_DEVICE/Target/usbd_conf.o
                0x000000002000124c                hpcd_USB_OTG_FS
 COMMON         0x0000000020001654        0x4 c:/st/stm32cubeide_1.0.2/stm32cubeide/plugins/com.st.stm32cube.ide.mcu.externaltools.gnu-tools-for-stm32.9-2020-q2-update.win32_1.5.0.202011040924/tools/bin/../lib/gcc/arm-none-eabi/9.3.1/../../../../arm-none-eabi/lib/thumb/v7e-m+dp/hard\libc_nano.a(lib_a-reent.o)
                0x0000000020001654                errno
 COMMON         0x0000000020001658        0x9 c:/st/stm32cubeide_1.0.2/stm32cubeide/plugins/com.st.stm32cube.ide.mcu.externaltools.gnu-tools-for-stm32.9-2020-q2-update.win32_1.5.0.202011040924/tools/bin/../lib/gcc/arm-none-eabi/9.3.1/../../../../arm-none-eabi/lib/thumb/v7e-m+dp/hard\libc_nano.a(lib_a-lock.o)
                0x0000000020001658                __lock___atexit_recursive_mutex
                0x0000000020001659                __lock___arc4random_mutex
                0x000000002000165a                __lock___env_recursive_mutex
                0x000000002000165b                __lock___sinit_recursive_mutex
                0x000000002000165c                __lock___malloc_recursive_mutex
                0x000000002000165d                __lock___at_quick_exit_mutex
                0x000000002000165e                __lock___dd_hash_mutex
                0x000000002000165f                __lock___tz_mutex
                0x0000000020001660                __lock___sfp_recursive_mutex
                0x0000000020001664                . = ALIGN (0x4)
 *fill*         0x0000000020001661        0x3 
                0x0000000020001664                _ebss = .
                0x0000000020001664                __bss_end__ = _ebss

._user_heap_stack
                0x0000000020001664      0x604 load address 0x000000000800df08
                0x0000000020001668                . = ALIGN (0x8)
 *fill*         0x0000000020001664        0x4 
                [!provide]                        PROVIDE (end = .)
                0x0000000020001668                PROVIDE (_end = .)
                0x0000000020001868                . = (. + _Min_Heap_Size)
 *fill*         0x0000000020001668      0x200 
                0x0000000020001c68                . = (. + _Min_Stack_Size)
 *fill*         0x0000000020001868      0x400 
                0x0000000020001c68                . = ALIGN (0x8)

/DISCARD/
 libc.a(*)
 libm.a(*)
 libgcc.a(*)

.ARM.attributes
                0x0000000000000000       0x2e
 *(.ARM.attributes)
 .ARM.attributes
                0x0000000000000000       0x1e c:/st/stm32cubeide_1.0.2/stm32cubeide/plugins/com.st.stm32cube.ide.mcu.externaltools.gnu-tools-for-stm32.9-2020-q2-update.win32_1.5.0.202011040924/tools/bin/../lib/gcc/arm-none-eabi/9.3.1/thumb/v7e-m+dp/hard/crti.o
 .ARM.attributes
                0x000000000000001e       0x32 c:/st/stm32cubeide_1.0.2/stm32cubeide/plugins/com.st.stm32cube.ide.mcu.externaltools.gnu-tools-for-stm32.9-2020-q2-update.win32_1.5.0.202011040924/tools/bin/../lib/gcc/arm-none-eabi/9.3.1/thumb/v7e-m+dp/hard/crtbegin.o
 .ARM.attributes
                0x0000000000000050       0x32 Core/Src/audio_mic_node_mems.o
 .ARM.attributes
                0x0000000000000082       0x32 Core/Src/main.o
 .ARM.attributes
                0x00000000000000b4       0x32 Core/Src/stm32h7xx_hal_msp.o
 .ARM.attributes
                0x00000000000000e6       0x32 Core/Src/stm32h7xx_it.o
 .ARM.attributes
                0x0000000000000118       0x32 Core/Src/sysmem.o
 .ARM.attributes
                0x000000000000014a       0x32 Core/Src/system_stm32h7xx.o
 .ARM.attributes
                0x000000000000017c       0x21 Core/Startup/startup_stm32h743zitx.o
 .ARM.attributes
                0x000000000000019d       0x32 Drivers/BSP_Custom/H743_audio_ex.o
 .ARM.attributes
                0x00000000000001cf       0x32 Drivers/STM32H7xx_HAL_Driver/Src/stm32h7xx_hal.o
 .ARM.attributes
                0x0000000000000201       0x32 Drivers/STM32H7xx_HAL_Driver/Src/stm32h7xx_hal_cortex.o
 .ARM.attributes
                0x0000000000000233       0x32 Drivers/STM32H7xx_HAL_Driver/Src/stm32h7xx_hal_dfsdm.o
 .ARM.attributes
                0x0000000000000265       0x32 Drivers/STM32H7xx_HAL_Driver/Src/stm32h7xx_hal_dma.o
 .ARM.attributes
                0x0000000000000297       0x32 Drivers/STM32H7xx_HAL_Driver/Src/stm32h7xx_hal_gpio.o
 .ARM.attributes
                0x00000000000002c9       0x32 Drivers/STM32H7xx_HAL_Driver/Src/stm32h7xx_hal_pcd.o
 .ARM.attributes
                0x00000000000002fb       0x32 Drivers/STM32H7xx_HAL_Driver/Src/stm32h7xx_hal_pcd_ex.o
 .ARM.attributes
                0x000000000000032d       0x32 Drivers/STM32H7xx_HAL_Driver/Src/stm32h7xx_hal_pwr_ex.o
 .ARM.attributes
                0x000000000000035f       0x32 Drivers/STM32H7xx_HAL_Driver/Src/stm32h7xx_hal_rcc.o
 .ARM.attributes
                0x0000000000000391       0x32 Drivers/STM32H7xx_HAL_Driver/Src/stm32h7xx_hal_rcc_ex.o
 .ARM.attributes
                0x00000000000003c3       0x32 Drivers/STM32H7xx_HAL_Driver/Src/stm32h7xx_hal_sai.o
 .ARM.attributes
                0x00000000000003f5       0x32 Drivers/STM32H7xx_HAL_Driver/Src/stm32h7xx_ll_usb.o
 .ARM.attributes
                0x0000000000000427       0x32 Middlewares/ST/STM32_USB_Device_Library/Class/AUDIO/Src/usbd_audio.o
 .ARM.attributes
                0x0000000000000459       0x32 Middlewares/ST/STM32_USB_Device_Library/Core/Src/usbd_core.o
 .ARM.attributes
                0x000000000000048b       0x32 Middlewares/ST/STM32_USB_Device_Library/Core/Src/usbd_ctlreq.o
 .ARM.attributes
                0x00000000000004bd       0x32 Middlewares/ST/STM32_USB_Device_Library/Core/Src/usbd_ioreq.o
 .ARM.attributes
                0x00000000000004ef       0x32 USB_DEVICE/App/audio_usb_nodes.o
 .ARM.attributes
                0x0000000000000521       0x32 USB_DEVICE/App/audio_usb_recording_session.o
 .ARM.attributes
                0x0000000000000553       0x32 USB_DEVICE/App/usb_device.o
 .ARM.attributes
                0x0000000000000585       0x32 USB_DEVICE/App/usbd_audio_10_config_descriptors.o
 .ARM.attributes
                0x00000000000005b7       0x32 USB_DEVICE/App/usbd_audio_if.o
 .ARM.attributes
                0x00000000000005e9       0x32 USB_DEVICE/App/usbd_desc.o
 .ARM.attributes
                0x000000000000061b       0x32 USB_DEVICE/Target/usbd_conf.o
 .ARM.attributes
                0x000000000000064d       0x32 c:/st/stm32cubeide_1.0.2/stm32cubeide/plugins/com.st.stm32cube.ide.mcu.externaltools.gnu-tools-for-stm32.9-2020-q2-update.win32_1.5.0.202011040924/tools/bin/../lib/gcc/arm-none-eabi/9.3.1/../../../../arm-none-eabi/lib/thumb/v7e-m+dp/hard\libc_nano.a(lib_a-errno.o)
 .ARM.attributes
                0x000000000000067f       0x30 c:/st/stm32cubeide_1.0.2/stm32cubeide/plugins/com.st.stm32cube.ide.mcu.externaltools.gnu-tools-for-stm32.9-2020-q2-update.win32_1.5.0.202011040924/tools/bin/../lib/gcc/arm-none-eabi/9.3.1/../../../../arm-none-eabi/lib/thumb/v7e-m+dp/hard\libc_nano.a(lib_a-impure.o)
 .ARM.attributes
                0x00000000000006af       0x32 c:/st/stm32cubeide_1.0.2/stm32cubeide/plugins/com.st.stm32cube.ide.mcu.externaltools.gnu-tools-for-stm32.9-2020-q2-update.win32_1.5.0.202011040924/tools/bin/../lib/gcc/arm-none-eabi/9.3.1/../../../../arm-none-eabi/lib/thumb/v7e-m+dp/hard\libc_nano.a(lib_a-init.o)
 .ARM.attributes
                0x00000000000006e1       0x32 c:/st/stm32cubeide_1.0.2/stm32cubeide/plugins/com.st.stm32cube.ide.mcu.externaltools.gnu-tools-for-stm32.9-2020-q2-update.win32_1.5.0.202011040924/tools/bin/../lib/gcc/arm-none-eabi/9.3.1/../../../../arm-none-eabi/lib/thumb/v7e-m+dp/hard\libc_nano.a(lib_a-malloc.o)
 .ARM.attributes
                0x0000000000000713       0x32 c:/st/stm32cubeide_1.0.2/stm32cubeide/plugins/com.st.stm32cube.ide.mcu.externaltools.gnu-tools-for-stm32.9-2020-q2-update.win32_1.5.0.202011040924/tools/bin/../lib/gcc/arm-none-eabi/9.3.1/../../../../arm-none-eabi/lib/thumb/v7e-m+dp/hard\libc_nano.a(lib_a-memcpy-stub.o)
 .ARM.attributes
                0x0000000000000745       0x32 c:/st/stm32cubeide_1.0.2/stm32cubeide/plugins/com.st.stm32cube.ide.mcu.externaltools.gnu-tools-for-stm32.9-2020-q2-update.win32_1.5.0.202011040924/tools/bin/../lib/gcc/arm-none-eabi/9.3.1/../../../../arm-none-eabi/lib/thumb/v7e-m+dp/hard\libc_nano.a(lib_a-memset.o)
 .ARM.attributes
                0x0000000000000777       0x32 c:/st/stm32cubeide_1.0.2/stm32cubeide/plugins/com.st.stm32cube.ide.mcu.externaltools.gnu-tools-for-stm32.9-2020-q2-update.win32_1.5.0.202011040924/tools/bin/../lib/gcc/arm-none-eabi/9.3.1/../../../../arm-none-eabi/lib/thumb/v7e-m+dp/hard\libc_nano.a(lib_a-nano-freer.o)
 .ARM.attributes
                0x00000000000007a9       0x32 c:/st/stm32cubeide_1.0.2/stm32cubeide/plugins/com.st.stm32cube.ide.mcu.externaltools.gnu-tools-for-stm32.9-2020-q2-update.win32_1.5.0.202011040924/tools/bin/../lib/gcc/arm-none-eabi/9.3.1/../../../../arm-none-eabi/lib/thumb/v7e-m+dp/hard\libc_nano.a(lib_a-nano-mallocr.o)
 .ARM.attributes
                0x00000000000007db       0x32 c:/st/stm32cubeide_1.0.2/stm32cubeide/plugins/com.st.stm32cube.ide.mcu.externaltools.gnu-tools-for-stm32.9-2020-q2-update.win32_1.5.0.202011040924/tools/bin/../lib/gcc/arm-none-eabi/9.3.1/../../../../arm-none-eabi/lib/thumb/v7e-m+dp/hard\libc_nano.a(lib_a-sbrkr.o)
 .ARM.attributes
                0x000000000000080d       0x32 c:/st/stm32cubeide_1.0.2/stm32cubeide/plugins/com.st.stm32cube.ide.mcu.externaltools.gnu-tools-for-stm32.9-2020-q2-update.win32_1.5.0.202011040924/tools/bin/../lib/gcc/arm-none-eabi/9.3.1/../../../../arm-none-eabi/lib/thumb/v7e-m+dp/hard\libc_nano.a(lib_a-mlock.o)
 .ARM.attributes
                0x000000000000083f       0x32 c:/st/stm32cubeide_1.0.2/stm32cubeide/plugins/com.st.stm32cube.ide.mcu.externaltools.gnu-tools-for-stm32.9-2020-q2-update.win32_1.5.0.202011040924/tools/bin/../lib/gcc/arm-none-eabi/9.3.1/../../../../arm-none-eabi/lib/thumb/v7e-m+dp/hard\libc_nano.a(lib_a-reent.o)
 .ARM.attributes