H743_audio_ex.c:117:13:SAI_AUDIO_IN_MspInit	56	static
H743_audio_ex.c:191:13:SAI_AUDIO_IN_MspDeInit	40	static
H743_audio_ex.c:359:9:BSP_AUDIO_IN_Init	24	static
H743_audio_ex.c:373:9:BSP_AUDIO_IN_InitEx	32	static
H743_audio_ex.c:438:9:BSP_AUDIO_IN_AllocScratch	24	static
H743_audio_ex.c:458:9:BSP_AUDIO_IN_GetChannelNumber	4	static
H743_audio_ex.c:470:9:BSP_AUDIO_IN_Record	16	static
H743_audio_ex.c:519:9:BSP_AUDIO_IN_Stop	8	static
H743_audio_ex.c:580:9:BSP_AUDIO_IN_Pause	8	static
H743_audio_ex.c:617:9:BSP_AUDIO_IN_Resume	8	static
H743_audio_ex.c:654:6:BSP_AUDIO_IN_DeInit	8	static
H743_audio_ex.c:676:6:HAL_DFSDM_FilterRegConvCpltCallback	16	static
H743_audio_ex.c:729:9:BSP_AUDIO_IN_Get_PcmBuffer	48	static
H743_audio_ex.c:766:6:HAL_DFSDM_FilterRegConvHalfCpltCallback	16	static
H743_audio_ex.c:814:6:HAL_SAI_RxHalfCpltCallback	16	static
H743_audio_ex.c:826:6:HAL_SAI_RxCpltCallback	16	static
H743_audio_ex.c:836:13:BSP_AUDIO_IN_TransferComplete_CallBack	4	static
H743_audio_ex.c:848:13:BSP_AUDIO_IN_HalfTransfer_CallBack	4	static
H743_audio_ex.c:859:13:BSP_AUDIO_IN_Error_CallBack	4	static
H743_audio_ex.c:870:13:BSP_AUDIO_IN_MspInit	8	static
H743_audio_ex.c:890:13:BSP_AUDIO_IN_MspDeInit	8	static
H743_audio_ex.c:916:13:BSP_AUDIO_IN_ClockConfig	216	static
H743_audio_ex.c:972:16:DFSDMx_Init	16	static
H743_audio_ex.c:1185:16:DFSDMx_DeInit	8	static
H743_audio_ex.c:1243:13:DFSDMx_ChannelMspInit	40	static
H743_audio_ex.c:1281:13:DFSDMx_ChannelMspDeInit	32	static
H743_audio_ex.c:1306:13:DFSDMx_FilterMspInit	16	static
H743_audio_ex.c:1422:13:DFSDMx_FilterMspDeInit	8	static
