audio_mic_node.c:94:11:AUDIO_DFSDM_MEMS_MicInit	32	static
audio_mic_node.c:132:6:BSP_AUDIO_IN_HalfTransfer_CallBack	8	static
audio_mic_node.c:146:6:BSP_AUDIO_IN_TransferComplete_CallBack	8	static
audio_mic_node.c:161:16:AUDIO_MicDeInit	24	static
audio_mic_node.c:188:16:AUDIO_MicStart	24	static
audio_mic_node.c:207:16:AUDIO_MicStop	24	static
audio_mic_node.c:226:16:AUDIO_MicChangeFrequency	24	static
audio_mic_node.c:242:16:AUDIO_MicMute	16	static
audio_mic_node.c:258:16:AUDIO_MicSetVolume	24	static
audio_mic_node.c:274:16:AUDIO_MicGetVolumeDefaultsValues	24	static
audio_mic_node.c:290:13:AUDIO_FillDataToBuffer	24	static
audio_mic_node.c:360:16:AUDIO_MicStartReadCount	24	static
audio_mic_node.c:380:18:AUDIO_MicGetLastReadCount	32	static
